Reading codebook and sample ...
  106 questions | 12 categories | 23 sub-batches (max 6/batch) | 2 document(s)
[ 1/2] Chicago_CPS-CBA-2019-24.pdf ...
      meta batch 1: 6 questions done (23 sections)
      meta batch 2: 3 questions done (23 sections)
      pay batch 1: 6 questions done (23 sections)
      pay batch 2: 6 questions done (23 sections)
      pay batch 3: 5 questions done (23 sections)
      benefits batch 1: 6 questions done (23 sections)
      benefits batch 2: 6 questions done (23 sections)
      leave batch 1: 6 questions done (23 sections)
      leave batch 2: 6 questions done (23 sections)
      leave batch 3: 1 question done (23 sections)
      workload batch 1: 6 questions done (23 sections)
      workload batch 2: 3 questions done (23 sections)
      class batch 1: 4 questions done (23 sections)
      evaluation batch 1: 6 questions done (23 sections)
      evaluation batch 2: 2 questions done (23 sections)
      security batch 1: 6 questions done (23 sections)
      security batch 2: 5 questions done (23 sections)
      discipline batch 1: 2 questions done (23 sections)
      conduct batch 1: 6 questions done (23 sections)
      conduct batch 2: 4 questions done (23 sections)
      safety batch 1: 6 questions done (23 sections)
      safety batch 2: 2 questions done (23 sections)
      pd batch 1: 3 questions done (23 sections)
[ 2/2] Clark_County_2021-2023_CBA.pdf ...
      meta batch 1: 6 questions done (7 sections)
      meta batch 2: 3 questions done (7 sections)
      pay batch 1: 6 questions done (7 sections)
      pay batch 2: 6 questions done (7 sections)
      pay batch 3: 5 questions done (7 sections)
      benefits batch 1: 6 questions done (7 sections)
      benefits batch 2: 6 questions done (7 sections)
      leave batch 1: 6 questions done (7 sections)
      leave batch 2: 6 questions done (7 sections)
      leave batch 3: 1 question done (7 sections)
      workload batch 1: 6 questions done (7 sections)
      workload batch 2: 3 questions done (7 sections)
      class batch 1: 4 questions done (7 sections)
      evaluation batch 1: 6 questions done (7 sections)
      evaluation batch 2: 2 questions done (7 sections)
      security batch 1: 6 questions done (7 sections)
      security batch 2: 5 questions done (7 sections)
      discipline batch 1: 2 questions done (7 sections)
      conduct batch 1: 6 questions done (7 sections)
      conduct batch 2: 4 questions done (7 sections)
      safety batch 1: 6 questions done (7 sections)
      safety batch 2: 2 questions done (7 sections)
      pd batch 1: 3 questions done (7 sections)

Writing outputs ...
  2 document rows  → /gpfs/home/cjg79/contracts/contract_coding_CG/output_v4/llm_main_dataset.csv
  212 log rows        → /gpfs/home/cjg79/contracts/contract_coding_CG/output_v4/llm_coding_log.csv
