Reading codebook and sample ...
  106 questions | 12 categories | 23 sub-batches (max 6/batch) | 3 document(s)
[ 1/3] Denver_2022-2025-CBA-Final.pdf ...
      meta batch 1: 6 questions done (9 sections)
      meta batch 2: 3 questions done (9 sections)
      pay batch 1: 6 questions done (9 sections)
      pay batch 2: 6 questions done (9 sections)
      pay batch 3: 5 questions done (9 sections)
      benefits batch 1: 6 questions done (9 sections)
      benefits batch 2: 6 questions done (9 sections)
      leave batch 1: 6 questions done (9 sections)
      leave batch 2: 6 questions done (9 sections)
      leave batch 3: 1 question done (9 sections)
      workload batch 1: 6 questions done (9 sections)
      workload batch 2: 3 questions done (9 sections)
      class batch 1: 4 questions done (9 sections)
      evaluation batch 1: 6 questions done (9 sections)
      evaluation batch 2: 2 questions done (9 sections)
      security batch 1: 6 questions done (9 sections)
      security batch 2: 5 questions done (9 sections)
      discipline batch 1: 2 questions done (9 sections)
      conduct batch 1: 6 questions done (9 sections)
      conduct batch 2: 4 questions done (9 sections)
      safety batch 1: 6 questions done (9 sections)
      safety batch 2: 2 questions done (9 sections)
      pd batch 1: 3 questions done (9 sections)
[ 2/3] Baltimore_City_Public_Schools_2021-2023.pdf ...
      meta batch 1: 6 questions done (7 sections)
      meta batch 2: 3 questions done (7 sections)
      pay batch 1: 6 questions done (7 sections)
      pay batch 2: 6 questions done (7 sections)
      pay batch 3: 5 questions done (7 sections)
      benefits batch 1: 6 questions done (7 sections)
      benefits batch 2: 6 questions done (7 sections)
      leave batch 1: 6 questions done (7 sections)
      leave batch 2: 6 questions done (7 sections)
      leave batch 3: 1 question done (7 sections)
      workload batch 1: 6 questions done (7 sections)
      workload batch 2: 3 questions done (7 sections)
      class batch 1: 4 questions done (7 sections)
      evaluation batch 1: 6 questions done (7 sections)
      evaluation batch 2: 2 questions done (7 sections)
      security batch 1: 6 questions done (7 sections)
      security batch 2: 5 questions done (7 sections)
      discipline batch 1: 2 questions done (7 sections)
      conduct batch 1: 6 questions done (7 sections)
      conduct batch 2: 4 questions done (7 sections)
      safety batch 1: 6 questions done (7 sections)
      safety batch 2: 2 questions done (7 sections)
      pd batch 1: 3 questions done (7 sections)
[ 3/3] Broward_Teachers_U_Contract_2011_2014.pdf ...
      meta batch 1: 6 questions done (14 sections)
      meta batch 2: 3 questions done (14 sections)
      pay batch 1: 6 questions done (14 sections)
      pay batch 2: 6 questions done (14 sections)
      pay batch 3: 5 questions done (14 sections)
      benefits batch 1: 6 questions done (14 sections)
      benefits batch 2: 6 questions done (14 sections)
      leave batch 1: 6 questions done (14 sections)
      leave batch 2: 6 questions done (14 sections)
      leave batch 3: 1 question done (14 sections)
      workload batch 1: 6 questions done (14 sections)
      workload batch 2: 3 questions done (14 sections)
      class batch 1: 4 questions done (14 sections)
      evaluation batch 1: 6 questions done (14 sections)
      evaluation batch 2: 2 questions done (14 sections)
      security batch 1: 6 questions done (14 sections)
      security batch 2: 5 questions done (14 sections)
      discipline batch 1: 2 questions done (14 sections)
      conduct batch 1: 6 questions done (14 sections)
      conduct batch 2: 4 questions done (14 sections)
      safety batch 1: 6 questions done (14 sections)
      safety batch 2: 2 questions done (14 sections)
      pd batch 1: 3 questions done (14 sections)

Writing outputs ...
  3 document rows  → /gpfs/home/cjg79/contracts/contract_coding_CG/output_v5/llm_main_dataset.csv
  318 log rows        → /gpfs/home/cjg79/contracts/contract_coding_CG/output_v5/llm_coding_log.csv
