Reading codebook and sample ...
  106 questions | 12 categories | 23 sub-batches (max 6/batch) | 1 document(s)
[ 1/1] DeKalb_2015-16_Employee_Handbook.pdf ...
Reading codebook and sample ...
  106 questions | 12 categories | 23 sub-batches (max 6/batch) | 1 document(s)
[ 1/1] DeKalb_2015-16_Employee_Handbook.pdf ...
      meta batch 1: 6 questions done (3 sections)
      meta batch 2 section 1/3: stage1 ERROR Error code: 503 - {'error': {'code': 'queue_timeout', 'message': 'Timed out waiting for service capacity.', 'param': None, 'type': 'server_error'}}
      meta batch 2: 3 questions done (3 sections)
      pay batch 1: 6 questions done (3 sections)
      pay batch 2: 6 questions done (3 sections)
      pay batch 3: 5 questions done (3 sections)
      benefits batch 1: 6 questions done (3 sections)
      benefits batch 2: 6 questions done (3 sections)
      leave batch 1: 6 questions done (3 sections)
      leave batch 2: 6 questions done (3 sections)
      leave batch 3: 1 question done (3 sections)
      workload batch 1: 6 questions done (3 sections)
      workload batch 2: 3 questions done (3 sections)
      class batch 1: 4 questions done (3 sections)
      evaluation batch 1: 6 questions done (3 sections)
      evaluation batch 2: 2 questions done (3 sections)
      security batch 1: 6 questions done (3 sections)
      security batch 2: 5 questions done (3 sections)
      discipline batch 1: 2 questions done (3 sections)
      conduct batch 1: 6 questions done (3 sections)
      conduct batch 2: 4 questions done (3 sections)
      safety batch 1: 6 questions done (3 sections)
      safety batch 2: 2 questions done (3 sections)
      pd batch 1: 3 questions done (3 sections)
      cross-question reconciliation recovered 8 answer(s)

Writing outputs ...
  1 document rows  → /gpfs/home/cjg79/contracts/contract_coding_CG/output_new15/dekalb_county_school_district/llm_main_dataset.csv
  106 log rows        → /gpfs/home/cjg79/contracts/contract_coding_CG/output_new15/dekalb_county_school_district/llm_coding_log.csv
