Processing 1 document(s) ...
[ 1/1] 48.pdf ...
      30 schedule(s) found
      -> appendix_a_salary_schedule_for_191_day_teachers_an__48.csv
      -> salary_schedule_for_191_day_teachers_and_teacher_l__48.csv
      -> salary_schedule_for_191_day_teachers_and_teacher_l__48.csv
      -> salary_schedule_for_191_day_teachers_and_teacher_l__48.csv
      -> school_year_years_of_prior_experience_years_grante__48.csv
      -> division_index_ratio__48.csv
      -> july_1_2005_january_29_2006_traveling_instrumental__48.csv
      -> january_30_2006_june_30_2006_traveling_instrumenta__48.csv
      -> july_1_2006_january_28_2007_traveling_instrumental__48.csv
      -> january_29_2007_june_30_2007_traveling_instrumenta__48.csv
      -> appendix_h_salary_schedule_for_200_day_employees__48.csv
      -> appendix_k_salary_schedule_for_191_day_therapists__48.csv
      -> july_1_2006_january_28_2007__48.csv [audit corrected]
      -> salary_schedule_for_12_month_employment_training_s__48.csv
      -> salary_schedule_for_10_month_employment_training_s__48.csv
      -> salary_schedule_for_12_month_employment_training_s__48.csv
      -> salary_schedule_for_10_month_employment_training_s__48.csv
      -> salary_schedule_for_12_month_employment_training_s__48.csv
      -> salary_schedule_for_10_month_employment_training_s__48.csv
      -> salary_schedule_for_12_month_employment_training_s__48.csv
      -> salary_schedule_for_10_month_employment_training_s__48.csv
      -> appendix_o_salary_schedule_for_congress_207_day_te__48.csv
      -> salary_schedule_for_congress_207_day_teachers__48.csv
      -> salary_schedule_for_congress_207_day_teachers__48.csv
      -> salary_schedule_for_congress_207_day_teachers__48.csv
      -> appendix_p_salary_schedule_for_school_nurses__48.csv
      -> appendix_q_salary_schedule_for_200_day_team_mentor__48.csv
      -> salary_schedule_for_200_day_team_mentors_extra_9_d__48.csv
      -> salary_schedule_for_200_day_team_mentors_extra_9_d__48.csv
      -> salary_schedule_for_200_day_team_mentors_extra_9_d__48.csv

30 schedule grid(s) -> /gpfs/home/cjg79/contracts/contract_coding_CG/output_new15/milwaukee_public_schools/salary_schedule_wide
  1 corrected by audit, 0 flagged with unresolved issues
Document status summary: {'ok': 1}
