Reading codebook and sample ...
  106 questions | 12 categories | 23 sub-batches (max 6/batch) | 1 document(s)
[ 1/1] NYC_19-22_CBA.pdf ...
      meta batch 1: 6 questions done (5 sections)
      meta batch 2: 3 questions done (5 sections)
      pay batch 1: 6 questions done (5 sections)
      pay batch 2: 6 questions done (5 sections)
      pay batch 3: 5 questions done (5 sections)
      benefits batch 1: 6 questions done (5 sections)
      benefits batch 2: 6 questions done (5 sections)
      leave batch 1: 6 questions done (5 sections)
      leave batch 2: 6 questions done (5 sections)
      leave batch 3: 1 question done (5 sections)
      workload batch 1: 6 questions done (5 sections)
      workload batch 2: 3 questions done (5 sections)
      class batch 1: 4 questions done (5 sections)
      evaluation batch 1: 6 questions done (5 sections)
      evaluation batch 2: 2 questions done (5 sections)
      security batch 1: 6 questions done (5 sections)
      security batch 2: 5 questions done (5 sections)
      discipline batch 1: 2 questions done (5 sections)
      conduct batch 1: 6 questions done (5 sections)
      conduct batch 2: 4 questions done (5 sections)
      safety batch 1: 6 questions done (5 sections)
      safety batch 2: 2 questions done (5 sections)
      pd batch 1: 3 questions done (5 sections)
      cross-question reconciliation recovered 4 answer(s)

Writing outputs ...
  1 document rows  → /gpfs/home/cjg79/contracts/contract_coding_CG/output_v9/new_york_city_department_of_education/llm_main_dataset.csv
  106 log rows        → /gpfs/home/cjg79/contracts/contract_coding_CG/output_v9/new_york_city_department_of_education/llm_coding_log.csv
