[Mon Jul 20 11:23:31 PM EDT 2026] START Boston Public Schools | Boston_2021-24-Collective-Bargaining-Agreement.pdf  (CONTRACT_OUT_DIR=output_v6/boston_public_schools_boston_2021_24_collective_bargaining_agreement)
Processing 1 document(s) ...
[ 1/1] Boston_2021-24-Collective-Bargaining-Agreement.pdf ...
      7 schedule(s) found
      -> effective_september_1_2021_august_31_2022_3__boston_2021_24_collective_bargaining_agr.csv
      -> schedule_a_9_1_21_8_31_22__boston_2021_24_collective_bargaining_agr.csv
      -> effective_september_1_2022_august_31_2023_3_5__boston_2021_24_collective_bargaining_agr.csv
      -> schedule_a_9_1_22_8_31_23__boston_2021_24_collective_bargaining_agr.csv
      -> effective_september_1_2023_august_31_2024_3__boston_2021_24_collective_bargaining_agr.csv
      -> schedule_a_9_1_23_8_31_24__boston_2021_24_collective_bargaining_agr.csv
      -> salary_schedule_substitute_teachers__boston_2021_24_collective_bargaining_agr.csv

7 schedule grid(s) -> /gpfs/home/cjg79/contracts/contract_coding_CG/output_v6/boston_public_schools_boston_2021_24_collective_bargaining_agreement/salary_schedule_wide
Document status summary: {'ok': 1}
Processing 1 document(s) ...
[ 1/1] Boston_2021-24-Collective-Bargaining-Agreement.pdf ...
      2384 clauses extracted, 2270 scored

2384 clause rows    -> /gpfs/home/cjg79/contracts/contract_coding_CG/output_v6/boston_public_schools_boston_2021_24_collective_bargaining_agreement/rights_score_long.csv
1 document rows -> /gpfs/home/cjg79/contracts/contract_coding_CG/output_v6/boston_public_schools_boston_2021_24_collective_bargaining_agreement/rights_score_summary.csv
Document status summary: {'ok': 1}
Reading codebook and sample ...
  106 questions | 12 categories | 23 sub-batches (max 6/batch) | 1 document(s)
[ 1/1] Boston_2021-24-Collective-Bargaining-Agreement.pdf ...
      meta batch 1: 6 questions done (24 sections)
      meta batch 2: 3 questions done (24 sections)
      pay batch 1: 6 questions done (24 sections)
      pay batch 2: 6 questions done (24 sections)
      pay batch 3: 5 questions done (24 sections)
      benefits batch 1: 6 questions done (24 sections)
      benefits batch 2: 6 questions done (24 sections)
      leave batch 1: 6 questions done (24 sections)
      leave batch 2: 6 questions done (24 sections)
      leave batch 3: 1 question done (24 sections)
      workload batch 1: 6 questions done (24 sections)
      workload batch 2: 3 questions done (24 sections)
      class batch 1: 4 questions done (24 sections)
      evaluation batch 1: 6 questions done (24 sections)
      evaluation batch 2: 2 questions done (24 sections)
      security batch 1: 6 questions done (24 sections)
      security batch 2: 5 questions done (24 sections)
      discipline batch 1: 2 questions done (24 sections)
      conduct batch 1: 6 questions done (24 sections)
      conduct batch 2: 4 questions done (24 sections)
      safety batch 1: 6 questions done (24 sections)
      safety batch 2: 2 questions done (24 sections)
      pd batch 1: 3 questions done (24 sections)

Writing outputs ...
  1 document rows  → /gpfs/home/cjg79/contracts/contract_coding_CG/output_v6/boston_public_schools_boston_2021_24_collective_bargaining_agreement/llm_main_dataset.csv
  106 log rows        → /gpfs/home/cjg79/contracts/contract_coding_CG/output_v6/boston_public_schools_boston_2021_24_collective_bargaining_agreement/llm_coding_log.csv
[Tue Jul 21 03:31:15 AM EDT 2026] DONE  Boston Public Schools | Boston_2021-24-Collective-Bargaining-Agreement.pdf  (status=0)
