[Tue Jul 21 12:14:35 PM EDT 2026] START Columbus City Schools | Columbus_Education_Association_2022-2025.pdf  (CONTRACT_OUT_DIR=output_v7/columbus_city_schools_columbus_education_association_2022_2025)
Syntax Warning: Invalid Font Weight
Syntax Warning: Invalid Font Weight
Syntax Warning: Invalid Font Weight
Processing 1 document(s) ...
[ 1/1] Columbus_Education_Association_2022-2025.pdf ...
Traceback (most recent call last):
  File "/home/cjg79/contracts/contract_coding_CG/scripts/salary_schedule.py", line 1331, in <module>
    main()
  File "/home/cjg79/contracts/contract_coding_CG/scripts/salary_schedule.py", line 1302, in main
    schedules, status, blocks_failed, total_blocks = process_document(
  File "/home/cjg79/contracts/contract_coding_CG/scripts/salary_schedule.py", line 1174, in process_document
    tables, failed = _vision_extract_rotated(
  File "/home/cjg79/contracts/contract_coding_CG/scripts/salary_schedule.py", line 808, in _vision_extract_rotated
    r_images = render_pages_rotated(pdf_path, start, end_render, tmp_dir, rotation)
  File "/home/cjg79/contracts/contract_coding_CG/scripts/salary_schedule.py", line 451, in render_pages_rotated
    reader = PdfReader(str(pdf_path))
  File "/home/cjg79/contracts/contract_coding_CG/.venv/lib64/python3.9/site-packages/pypdf/_reader.py", line 157, in __init__
    self._handle_encryption(password)
  File "/home/cjg79/contracts/contract_coding_CG/.venv/lib64/python3.9/site-packages/pypdf/_reader.py", line 191, in _handle_encryption
    self._encryption.verify(pwd, strict=self.strict) == PasswordType.NOT_DECRYPTED
  File "/home/cjg79/contracts/contract_coding_CG/.venv/lib64/python3.9/site-packages/pypdf/_encryption.py", line 1078, in verify
    key, rc = self.verify_v4(pwd) if self.V <= 4 else self.verify_v5(pwd)
  File "/home/cjg79/contracts/contract_coding_CG/.venv/lib64/python3.9/site-packages/pypdf/_encryption.py", line 1114, in verify_v5
    key = AlgV5.verify_owner_password(
  File "/home/cjg79/contracts/contract_coding_CG/.venv/lib64/python3.9/site-packages/pypdf/_encryption.py", line 554, in verify_owner_password
    AlgV5.calculate_hash(R, password, o_value[32:40], u_value[:48])
  File "/home/cjg79/contracts/contract_coding_CG/.venv/lib64/python3.9/site-packages/pypdf/_encryption.py", line 599, in calculate_hash
    e = aes_cbc_encrypt(k[:16], k[16:32], k1 * 64)
  File "/home/cjg79/contracts/contract_coding_CG/.venv/lib64/python3.9/site-packages/pypdf/_crypt_providers/_fallback.py", line 89, in aes_cbc_encrypt
    raise DependencyError(_DEPENDENCY_ERROR_STR)
pypdf.errors.DependencyError: cryptography>=3.1 is required for AES algorithm
  [Tue Jul 21 12:16:54 PM EDT 2026] rc=1 — restart 1/3 in 30s: /home/cjg79/contracts/contract_coding_CG/.venv/bin/python /home/cjg79/contracts/contract_coding_CG/scripts/salary_schedule.py --district Columbus City Schools --file Columbus_Education_Association_2022-2025.pdf
Processing 1 document(s) ...
[ 1/1] Columbus_Education_Association_2022-2025.pdf ...
Traceback (most recent call last):
  File "/home/cjg79/contracts/contract_coding_CG/scripts/salary_schedule.py", line 1331, in <module>
    main()
  File "/home/cjg79/contracts/contract_coding_CG/scripts/salary_schedule.py", line 1302, in main
    schedules, status, blocks_failed, total_blocks = process_document(
  File "/home/cjg79/contracts/contract_coding_CG/scripts/salary_schedule.py", line 1174, in process_document
    tables, failed = _vision_extract_rotated(
  File "/home/cjg79/contracts/contract_coding_CG/scripts/salary_schedule.py", line 808, in _vision_extract_rotated
    r_images = render_pages_rotated(pdf_path, start, end_render, tmp_dir, rotation)
  File "/home/cjg79/contracts/contract_coding_CG/scripts/salary_schedule.py", line 451, in render_pages_rotated
    reader = PdfReader(str(pdf_path))
  File "/home/cjg79/contracts/contract_coding_CG/.venv/lib64/python3.9/site-packages/pypdf/_reader.py", line 157, in __init__
    self._handle_encryption(password)
  File "/home/cjg79/contracts/contract_coding_CG/.venv/lib64/python3.9/site-packages/pypdf/_reader.py", line 191, in _handle_encryption
    self._encryption.verify(pwd, strict=self.strict) == PasswordType.NOT_DECRYPTED
  File "/home/cjg79/contracts/contract_coding_CG/.venv/lib64/python3.9/site-packages/pypdf/_encryption.py", line 1078, in verify
    key, rc = self.verify_v4(pwd) if self.V <= 4 else self.verify_v5(pwd)
  File "/home/cjg79/contracts/contract_coding_CG/.venv/lib64/python3.9/site-packages/pypdf/_encryption.py", line 1114, in verify_v5
    key = AlgV5.verify_owner_password(
  File "/home/cjg79/contracts/contract_coding_CG/.venv/lib64/python3.9/site-packages/pypdf/_encryption.py", line 554, in verify_owner_password
    AlgV5.calculate_hash(R, password, o_value[32:40], u_value[:48])
  File "/home/cjg79/contracts/contract_coding_CG/.venv/lib64/python3.9/site-packages/pypdf/_encryption.py", line 599, in calculate_hash
    e = aes_cbc_encrypt(k[:16], k[16:32], k1 * 64)
  File "/home/cjg79/contracts/contract_coding_CG/.venv/lib64/python3.9/site-packages/pypdf/_crypt_providers/_fallback.py", line 89, in aes_cbc_encrypt
    raise DependencyError(_DEPENDENCY_ERROR_STR)
pypdf.errors.DependencyError: cryptography>=3.1 is required for AES algorithm
  [Tue Jul 21 12:17:26 PM EDT 2026] rc=1 — restart 2/3 in 30s: /home/cjg79/contracts/contract_coding_CG/.venv/bin/python /home/cjg79/contracts/contract_coding_CG/scripts/salary_schedule.py --district Columbus City Schools --file Columbus_Education_Association_2022-2025.pdf
Processing 1 document(s) ...
[ 1/1] Columbus_Education_Association_2022-2025.pdf ...
Traceback (most recent call last):
  File "/home/cjg79/contracts/contract_coding_CG/scripts/salary_schedule.py", line 1331, in <module>
    main()
  File "/home/cjg79/contracts/contract_coding_CG/scripts/salary_schedule.py", line 1302, in main
    schedules, status, blocks_failed, total_blocks = process_document(
  File "/home/cjg79/contracts/contract_coding_CG/scripts/salary_schedule.py", line 1174, in process_document
    tables, failed = _vision_extract_rotated(
  File "/home/cjg79/contracts/contract_coding_CG/scripts/salary_schedule.py", line 808, in _vision_extract_rotated
    r_images = render_pages_rotated(pdf_path, start, end_render, tmp_dir, rotation)
  File "/home/cjg79/contracts/contract_coding_CG/scripts/salary_schedule.py", line 451, in render_pages_rotated
    reader = PdfReader(str(pdf_path))
  File "/home/cjg79/contracts/contract_coding_CG/.venv/lib64/python3.9/site-packages/pypdf/_reader.py", line 157, in __init__
    self._handle_encryption(password)
  File "/home/cjg79/contracts/contract_coding_CG/.venv/lib64/python3.9/site-packages/pypdf/_reader.py", line 191, in _handle_encryption
    self._encryption.verify(pwd, strict=self.strict) == PasswordType.NOT_DECRYPTED
  File "/home/cjg79/contracts/contract_coding_CG/.venv/lib64/python3.9/site-packages/pypdf/_encryption.py", line 1078, in verify
    key, rc = self.verify_v4(pwd) if self.V <= 4 else self.verify_v5(pwd)
  File "/home/cjg79/contracts/contract_coding_CG/.venv/lib64/python3.9/site-packages/pypdf/_encryption.py", line 1114, in verify_v5
    key = AlgV5.verify_owner_password(
  File "/home/cjg79/contracts/contract_coding_CG/.venv/lib64/python3.9/site-packages/pypdf/_encryption.py", line 554, in verify_owner_password
    AlgV5.calculate_hash(R, password, o_value[32:40], u_value[:48])
  File "/home/cjg79/contracts/contract_coding_CG/.venv/lib64/python3.9/site-packages/pypdf/_encryption.py", line 599, in calculate_hash
    e = aes_cbc_encrypt(k[:16], k[16:32], k1 * 64)
  File "/home/cjg79/contracts/contract_coding_CG/.venv/lib64/python3.9/site-packages/pypdf/_crypt_providers/_fallback.py", line 89, in aes_cbc_encrypt
    raise DependencyError(_DEPENDENCY_ERROR_STR)
pypdf.errors.DependencyError: cryptography>=3.1 is required for AES algorithm
  [Tue Jul 21 12:17:59 PM EDT 2026] GAVE UP after 3 attempts (rc=1): /home/cjg79/contracts/contract_coding_CG/.venv/bin/python /home/cjg79/contracts/contract_coding_CG/scripts/salary_schedule.py --district Columbus City Schools --file Columbus_Education_Association_2022-2025.pdf
Processing 1 document(s) ...
[ 1/1] Columbus_Education_Association_2022-2025.pdf ...
      1788 clauses extracted, 1670 scored

1788 clause rows    -> /gpfs/home/cjg79/contracts/contract_coding_CG/output_v7/columbus_city_schools_columbus_education_association_2022_2025/rights_score_long.csv
1 document rows -> /gpfs/home/cjg79/contracts/contract_coding_CG/output_v7/columbus_city_schools_columbus_education_association_2022_2025/rights_score_summary.csv
Document status summary: {'ok': 1}
Reading codebook and sample ...
  106 questions | 12 categories | 23 sub-batches (max 6/batch) | 1 document(s)
[ 1/1] Columbus_Education_Association_2022-2025.pdf ...
      meta batch 1: 6 questions done (17 sections)
      meta batch 2: 3 questions done (17 sections)
      pay batch 1: 6 questions done (17 sections)
      pay batch 2: 6 questions done (17 sections)
      pay batch 3: 5 questions done (17 sections)
      benefits batch 1: 6 questions done (17 sections)
      benefits batch 2: 6 questions done (17 sections)
      leave batch 1: 6 questions done (17 sections)
      leave batch 2: 6 questions done (17 sections)
      leave batch 3: 1 question done (17 sections)
      workload batch 1: 6 questions done (17 sections)
      workload batch 2: 3 questions done (17 sections)
      class batch 1: 4 questions done (17 sections)
      evaluation batch 1: 6 questions done (17 sections)
      evaluation batch 2: 2 questions done (17 sections)
      security batch 1: 6 questions done (17 sections)
      security batch 2: 5 questions done (17 sections)
      discipline batch 1: 2 questions done (17 sections)
      conduct batch 1: 6 questions done (17 sections)
      conduct batch 2: 4 questions done (17 sections)
      safety batch 1: 6 questions done (17 sections)
      safety batch 2: 2 questions done (17 sections)
      pd batch 1: 3 questions done (17 sections)
      cross-question reconciliation recovered 1 answer(s)

Writing outputs ...
  1 document rows  → /gpfs/home/cjg79/contracts/contract_coding_CG/output_v7/columbus_city_schools_columbus_education_association_2022_2025/llm_main_dataset.csv
  106 log rows        → /gpfs/home/cjg79/contracts/contract_coding_CG/output_v7/columbus_city_schools_columbus_education_association_2022_2025/llm_coding_log.csv
[Tue Jul 21 03:43:21 PM EDT 2026] DONE  Columbus City Schools | Columbus_Education_Association_2022-2025.pdf  (status=1)
