[Mon Jul 20 11:23:31 PM EDT 2026] START Duval County Public Schools | Collective_Bargaining_Agreement_2011-2014T_.pdf  (CONTRACT_OUT_DIR=output_v6/duval_county_public_schools_collective_bargaining_agreement_2011_2014t)
Processing 1 document(s) ...
[ 1/1] Collective_Bargaining_Agreement_2011-2014T_.pdf ...
      2 schedule(s) found
      -> appendix_b_salary_supplement_schedule__collective_bargaining_agreement_2011_201__p86-89.csv
      -> supplement_stipend_schedule__collective_bargaining_agreement_2011_201__p90-91.csv [audit corrected]

2 schedule grid(s) -> /gpfs/home/cjg79/contracts/contract_coding_CG/output_v6/duval_county_public_schools_collective_bargaining_agreement_2011_2014t/salary_schedule_wide
  1 corrected by audit, 0 flagged with unresolved issues
Document status summary: {'ok': 1}
Processing 1 document(s) ...
[ 1/1] Collective_Bargaining_Agreement_2011-2014T_.pdf ...
      890 clauses extracted, 846 scored

890 clause rows    -> /gpfs/home/cjg79/contracts/contract_coding_CG/output_v6/duval_county_public_schools_collective_bargaining_agreement_2011_2014t/rights_score_long.csv
1 document rows -> /gpfs/home/cjg79/contracts/contract_coding_CG/output_v6/duval_county_public_schools_collective_bargaining_agreement_2011_2014t/rights_score_summary.csv
Document status summary: {'ok': 1}
Reading codebook and sample ...
  106 questions | 12 categories | 23 sub-batches (max 6/batch) | 1 document(s)
[ 1/1] Collective_Bargaining_Agreement_2011-2014T_.pdf ...
      meta batch 1: 6 questions done (7 sections)
      meta batch 2: 3 questions done (7 sections)
      pay batch 1: 6 questions done (7 sections)
      pay batch 2: 6 questions done (7 sections)
      pay batch 3: 5 questions done (7 sections)
      benefits batch 1: 6 questions done (7 sections)
      benefits batch 2: 6 questions done (7 sections)
      leave batch 1: 6 questions done (7 sections)
      leave batch 2: 6 questions done (7 sections)
      leave batch 3: 1 question done (7 sections)
      workload batch 1: 6 questions done (7 sections)
      workload batch 2: 3 questions done (7 sections)
      class batch 1: 4 questions done (7 sections)
      evaluation batch 1: 6 questions done (7 sections)
      evaluation batch 2: 2 questions done (7 sections)
      security batch 1: 6 questions done (7 sections)
      security batch 2: 5 questions done (7 sections)
      discipline batch 1: 2 questions done (7 sections)
      conduct batch 1: 6 questions done (7 sections)
      conduct batch 2: 4 questions done (7 sections)
      safety batch 1: 6 questions done (7 sections)
      safety batch 2: 2 questions done (7 sections)
      pd batch 1: 3 questions done (7 sections)

Writing outputs ...
  1 document rows  → /gpfs/home/cjg79/contracts/contract_coding_CG/output_v6/duval_county_public_schools_collective_bargaining_agreement_2011_2014t/llm_main_dataset.csv
  106 log rows        → /gpfs/home/cjg79/contracts/contract_coding_CG/output_v6/duval_county_public_schools_collective_bargaining_agreement_2011_2014t/llm_coding_log.csv
[Tue Jul 21 12:59:31 AM EDT 2026] DONE  Duval County Public Schools | Collective_Bargaining_Agreement_2011-2014T_.pdf  (status=0)
