[Tue Jul 21 12:14:35 PM EDT 2026] START Pittsburgh Public Schools | Pittsburgh_10-15.pdf  (CONTRACT_OUT_DIR=output_v7/pittsburgh_public_schools_pittsburgh_10_15)
Processing 1 document(s) ...
[ 1/1] Pittsburgh_10-15.pdf ...
      223 clauses extracted, 212 scored

223 clause rows    -> /gpfs/home/cjg79/contracts/contract_coding_CG/output_v7/pittsburgh_public_schools_pittsburgh_10_15/rights_score_long.csv
1 document rows -> /gpfs/home/cjg79/contracts/contract_coding_CG/output_v7/pittsburgh_public_schools_pittsburgh_10_15/rights_score_summary.csv
Document status summary: {'ok': 1}
Reading codebook and sample ...
  106 questions | 12 categories | 23 sub-batches (max 6/batch) | 1 document(s)
[ 1/1] Pittsburgh_10-15.pdf ...
      meta batch 1: 6 questions done (4 sections)
      meta batch 2: 3 questions done (4 sections)
      pay batch 1: 6 questions done (4 sections)
      pay batch 2: 6 questions done (4 sections)
      pay batch 3: 5 questions done (4 sections)
      benefits batch 1: 6 questions done (4 sections)
      benefits batch 2: 6 questions done (4 sections)
      leave batch 1: 6 questions done (4 sections)
      leave batch 2: 6 questions done (4 sections)
      leave batch 3: 1 question done (4 sections)
      workload batch 1: 6 questions done (4 sections)
      workload batch 2: 3 questions done (4 sections)
      class batch 1: 4 questions done (4 sections)
      evaluation batch 1: 6 questions done (4 sections)
      evaluation batch 2: 2 questions done (4 sections)
      security batch 1: 6 questions done (4 sections)
      security batch 2: 5 questions done (4 sections)
      discipline batch 1: 2 questions done (4 sections)
      conduct batch 1: 6 questions done (4 sections)
      conduct batch 2: 4 questions done (4 sections)
      safety batch 1: 6 questions done (4 sections)
      safety batch 2: 2 questions done (4 sections)
      pd batch 1: 3 questions done (4 sections)
      cross-question reconciliation recovered 2 answer(s)

Writing outputs ...
  1 document rows  → /gpfs/home/cjg79/contracts/contract_coding_CG/output_v7/pittsburgh_public_schools_pittsburgh_10_15/llm_main_dataset.csv
  106 log rows        → /gpfs/home/cjg79/contracts/contract_coding_CG/output_v7/pittsburgh_public_schools_pittsburgh_10_15/llm_coding_log.csv
Processing 1 document(s) ...
[ 1/1] Pittsburgh_10-15.pdf ...
      24 schedule(s) found
      -> salary_schedules_bachelor_s_degree__pittsburgh_10_15.csv [audit corrected]
      -> bachelor_s_degree__pittsburgh_10_15.csv [audit corrected]
      -> master_s_degree_master_s_equivalent_bachelor_s_30__pittsburgh_10_15.csv
      -> advanced_study_credit__pittsburgh_10_15.csv
      -> counselors_salary_schedule__pittsburgh_10_15.csv [audit corrected]
      -> psychologists_salary_schedule__pittsburgh_10_15.csv
      -> salary_schedule__pittsburgh_10_15.csv
      -> salary_schedule_all_are_at_top_step__pittsburgh_10_15.csv
      -> school_nurse_practitioners_and_dental_hygienists_s__pittsburgh_10_15.csv
      -> school_nurse_practitioners_and_dental_hygienists_s__pittsburgh_10_15__p21-21.csv [audit corrected]
      -> school_nurse_practitioners_and_dental_hygienists_s__pittsburgh_10_15.csv [audit corrected]
      -> school_to_work_salary_schedule__pittsburgh_10_15.csv
      -> bachelor_s_degree_master_s_degree_salary_schedule__pittsburgh_10_15.csv
      -> adjunct_teachers_salary_schedules_and_hourly_rates__pittsburgh_10_15.csv
      -> preschool_salary_schedules__pittsburgh_10_15.csv [audit corrected]
      -> preschool_salary_schedules__pittsburgh_10_15__p26-27.csv
      -> family_services_specialists_special_services_coord__pittsburgh_10_15.csv
      -> preschool_teachers_early_childhood_level_ii_salary__pittsburgh_10_15.csv
      -> preschool_teachers_early_childhood_level_ii_salary__pittsburgh_10_15.csv [audit corrected]
      -> master_s_degree_master_s_equivalent_bachelor_s_30__pittsburgh_10_15.csv [audit corrected]
      -> preschool_teachers_early_intervention_special_educ__pittsburgh_10_15.csv [audit corrected]
      -> bachelor_s_degree__pittsburgh_10_15.csv
      -> master_s_degree_master_s_equivalent_bachelor_s_30__pittsburgh_10_15.csv
      -> salary_schedule_for_new_teachers_effective_july_1__pittsburgh_10_15.csv

24 schedule grid(s) -> /gpfs/home/cjg79/contracts/contract_coding_CG/output_v7/pittsburgh_public_schools_pittsburgh_10_15/salary_schedule_wide
  9 corrected by audit, 0 flagged with unresolved issues
Document status summary: {'ok': 1}
[Tue Jul 21 03:31:03 PM EDT 2026] DONE  Pittsburgh Public Schools | Pittsburgh_10-15.pdf  (status=0)
