Processing 1 document(s) ...
[ 1/1] ATF-Negotiated-Agreement_2018-19.pdf ...
Processing 1 document(s) ...
[ 1/1] ATF-Negotiated-Agreement_2018-19.pdf ...
Processing 1 document(s) ...
[ 1/1] ATF-Negotiated-Agreement_2018-19.pdf ...
      1152 clauses extracted, 1014 scored

1152 clause rows    -> /gpfs/home/cjg79/contracts/contract_coding_CG/output_v9/albuquerque_public_schools/rights_score_long.csv
1 document rows -> /gpfs/home/cjg79/contracts/contract_coding_CG/output_v9/albuquerque_public_schools/rights_score_summary.csv
Document status summary: {'ok': 1}
Processing 1 document(s) ...
[ 1/1] ATF-Negotiated-Agreement_2018-19.pdf ...
      1152 clauses extracted, 1014 scored

1152 clause rows    -> /gpfs/home/cjg79/contracts/contract_coding_CG/output_v9/albuquerque_public_schools/rights_score_long.csv
1 document rows -> /gpfs/home/cjg79/contracts/contract_coding_CG/output_v9/albuquerque_public_schools/rights_score_summary.csv
Document status summary: {'ok': 1}
Processing 1 document(s) ...
[ 1/1] ATF-Negotiated-Agreement_2018-19.pdf ...
      1152 clauses extracted, 1014 scored

1152 clause rows    -> /gpfs/home/cjg79/contracts/contract_coding_CG/output_v9/albuquerque_public_schools/rights_score_long.csv
1 document rows -> /gpfs/home/cjg79/contracts/contract_coding_CG/output_v9/albuquerque_public_schools/rights_score_summary.csv
Document status summary: {'ok': 1}
