Processing 1 document(s) ...
[ 1/1] FTA-Fresno-Teachers-Association_CBA_2010-2012.pdf ...
      no_schedule_heading_found

0 schedule grid(s) -> /gpfs/home/cjg79/contracts/contract_coding_CG/output_v9/fresno_unified_school_district/salary_schedule_wide
Document status summary: {'no_schedule_heading_found': 1}
Processing 1 document(s) ...
[ 1/1] FTA-Fresno-Teachers-Association_CBA_2010-2012.pdf ...
      no_schedule_heading_found

0 schedule grid(s) -> /gpfs/home/cjg79/contracts/contract_coding_CG/output_v9/fresno_unified_school_district/salary_schedule_wide
Document status summary: {'no_schedule_heading_found': 1}
Processing 1 document(s) ...
[ 1/1] FTA-Fresno-Teachers-Association_CBA_2010-2012.pdf ...
      no_schedule_heading_found

0 schedule grid(s) -> /gpfs/home/cjg79/contracts/contract_coding_CG/output_v9/fresno_unified_school_district/salary_schedule_wide
Document status summary: {'no_schedule_heading_found': 1}
Processing 1 document(s) ...
[ 1/1] FTA-Fresno-Teachers-Association_CBA_2010-2012.pdf ...
      no_schedule_heading_found

0 schedule grid(s) -> /gpfs/home/cjg79/contracts/contract_coding_CG/output_v9/fresno_unified_school_district/salary_schedule_wide
Document status summary: {'no_schedule_heading_found': 1}
Processing 1 document(s) ...
[ 1/1] FTA-Fresno-Teachers-Association_CBA_2010-2012.pdf ...
      no_schedule_heading_found

0 schedule grid(s) -> /gpfs/home/cjg79/contracts/contract_coding_CG/output_v9/fresno_unified_school_district/salary_schedule_wide
Document status summary: {'no_schedule_heading_found': 1}
