Processing 1 document(s) ...
[ 1/1] FTA-Fresno-Teachers-Association_CBA_2010-2012.pdf ...
      (skipped 1/1 empty/appendix chunks)
      0 clauses extracted, 0 scored

0 clause rows    -> /gpfs/home/cjg79/contracts/contract_coding_CG/output_v9/fresno_unified_school_district/rights_score_long.csv
1 document rows -> /gpfs/home/cjg79/contracts/contract_coding_CG/output_v9/fresno_unified_school_district/rights_score_summary.csv
Document status summary: {'ok': 1}
Processing 1 document(s) ...
[ 1/1] FTA-Fresno-Teachers-Association_CBA_2010-2012.pdf ...
      (skipped 1/1 empty/appendix chunks)
      0 clauses extracted, 0 scored

0 clause rows    -> /gpfs/home/cjg79/contracts/contract_coding_CG/output_v9/fresno_unified_school_district/rights_score_long.csv
1 document rows -> /gpfs/home/cjg79/contracts/contract_coding_CG/output_v9/fresno_unified_school_district/rights_score_summary.csv
Document status summary: {'ok': 1}
Processing 1 document(s) ...
[ 1/1] FTA-Fresno-Teachers-Association_CBA_2010-2012.pdf ...
      (skipped 1/1 empty/appendix chunks)
      0 clauses extracted, 0 scored

0 clause rows    -> /gpfs/home/cjg79/contracts/contract_coding_CG/output_v9/fresno_unified_school_district/rights_score_long.csv
1 document rows -> /gpfs/home/cjg79/contracts/contract_coding_CG/output_v9/fresno_unified_school_district/rights_score_summary.csv
Document status summary: {'ok': 1}
Processing 1 document(s) ...
[ 1/1] FTA-Fresno-Teachers-Association_CBA_2010-2012.pdf ...
      (skipped 1/1 empty/appendix chunks)
      0 clauses extracted, 0 scored

0 clause rows    -> /gpfs/home/cjg79/contracts/contract_coding_CG/output_v9/fresno_unified_school_district/rights_score_long.csv
1 document rows -> /gpfs/home/cjg79/contracts/contract_coding_CG/output_v9/fresno_unified_school_district/rights_score_summary.csv
Document status summary: {'ok': 1}
Processing 1 document(s) ...
[ 1/1] FTA-Fresno-Teachers-Association_CBA_2010-2012.pdf ...
      (skipped 1/1 empty/appendix chunks)
      0 clauses extracted, 0 scored

0 clause rows    -> /gpfs/home/cjg79/contracts/contract_coding_CG/output_v9/fresno_unified_school_district/rights_score_long.csv
1 document rows -> /gpfs/home/cjg79/contracts/contract_coding_CG/output_v9/fresno_unified_school_district/rights_score_summary.csv
Document status summary: {'ok': 1}
