Processing 1 document(s) ...
[ 1/1] Hillsborough_Contract_Teacher_2013_2016.pdf ...
      no_schedule_heading_found

0 schedule grid(s) -> /gpfs/home/cjg79/contracts/contract_coding_CG/output_v9/hillsborough_county_public_schools/salary_schedule_wide
Document status summary: {'no_schedule_heading_found': 1}
Processing 1 document(s) ...
[ 1/1] Hillsborough_Contract_Teacher_2013_2016.pdf ...
      no_schedule_heading_found

0 schedule grid(s) -> /gpfs/home/cjg79/contracts/contract_coding_CG/output_v9/hillsborough_county_public_schools/salary_schedule_wide
Document status summary: {'no_schedule_heading_found': 1}
Processing 1 document(s) ...
[ 1/1] Hillsborough_Contract_Teacher_2013_2016.pdf ...
      no_schedule_heading_found

0 schedule grid(s) -> /gpfs/home/cjg79/contracts/contract_coding_CG/output_v9/hillsborough_county_public_schools/salary_schedule_wide
Document status summary: {'no_schedule_heading_found': 1}
Processing 1 document(s) ...
[ 1/1] Hillsborough_Contract_Teacher_2013_2016.pdf ...
      no_schedule_heading_found

0 schedule grid(s) -> /gpfs/home/cjg79/contracts/contract_coding_CG/output_v9/hillsborough_county_public_schools/salary_schedule_wide
Document status summary: {'no_schedule_heading_found': 1}
Processing 1 document(s) ...
[ 1/1] Hillsborough_Contract_Teacher_2013_2016.pdf ...
      no_schedule_heading_found

0 schedule grid(s) -> /gpfs/home/cjg79/contracts/contract_coding_CG/output_v9/hillsborough_county_public_schools/salary_schedule_wide
Document status summary: {'no_schedule_heading_found': 1}
