Processing 1 document(s) ...
[ 1/1] 2018-2019-TALB-NEGOTIATED-CONTRACT-K-12.pdf ...
      0 schedule(s) found

0 schedule grid(s) -> /gpfs/home/cjg79/contracts/contract_coding_CG/output_v9/long_beach_unified_school_district/salary_schedule_wide
Document status summary: {'ok': 1}
Processing 1 document(s) ...
[ 1/1] 2018-2019-TALB-NEGOTIATED-CONTRACT-K-12.pdf ...
      0 schedule(s) found

0 schedule grid(s) -> /gpfs/home/cjg79/contracts/contract_coding_CG/output_v9/long_beach_unified_school_district/salary_schedule_wide
Document status summary: {'ok': 1}
Processing 1 document(s) ...
[ 1/1] 2018-2019-TALB-NEGOTIATED-CONTRACT-K-12.pdf ...
      0 schedule(s) found

0 schedule grid(s) -> /gpfs/home/cjg79/contracts/contract_coding_CG/output_v9/long_beach_unified_school_district/salary_schedule_wide
Document status summary: {'ok': 1}
Processing 1 document(s) ...
[ 1/1] 2018-2019-TALB-NEGOTIATED-CONTRACT-K-12.pdf ...
      0 schedule(s) found

0 schedule grid(s) -> /gpfs/home/cjg79/contracts/contract_coding_CG/output_v9/long_beach_unified_school_district/salary_schedule_wide
Document status summary: {'ok': 1}
