Processing 1 document(s) ...
[ 1/1] Final_2014-2017_UTLA_Collective_Bargaining_Agreement.pdf ...
Processing 1 document(s) ...
[ 1/1] Final_2014-2017_UTLA_Collective_Bargaining_Agreement.pdf ...
Processing 1 document(s) ...
[ 1/1] Final_2014-2017_UTLA_Collective_Bargaining_Agreement.pdf ...
Processing 1 document(s) ...
[ 1/1] Final_2014-2017_UTLA_Collective_Bargaining_Agreement.pdf ...
      1/119 page-block(s) failed extraction/audit (will retry next run)
      176 schedule(s) found
      -> article_xii_a_attendance_incentive_plan__final_2014_2017_utla_collective_bargaini.csv
      -> article_xii_a_attendance_incentive_plan__final_2014_2017_utla_collective_bargaini__p153-153.csv
      -> article_xiv_salaries__final_2014_2017_utla_collective_bargaini.csv [audit corrected]
      -> allocation_to_preparation_l_salary_table_rating_in__final_2014_2017_utla_collective_bargaini.csv
      -> 2014_2015_preparation_salary_t_table_4__final_2014_2017_utla_collective_bargaini.csv
      -> degree_differentials__final_2014_2017_utla_collective_bargaini.csv
      -> maximum_rates_with_career_increments__final_2014_2017_utla_collective_bargaini.csv [audit corrected]
      -> 2014_2015_preparation_salary_l_table_4__final_2014_2017_utla_collective_bargaini.csv
      -> l_salary_table_degree_differentials__final_2014_2017_utla_collective_bargaini.csv
      -> first_career_increment_completed_27l14__final_2014_2017_utla_collective_bargaini.csv
      -> second_career_increment_after_5_yrs_on_first_c_i__final_2014_2017_utla_collective_bargaini.csv
      -> third_career_increment_after_5_yrs_on_second_c_i__final_2014_2017_utla_collective_bargaini.csv
      -> fourth_career_increment_after_5_yrs_on_third_c_i__final_2014_2017_utla_collective_bargaini.csv
      -> employees_serving_in_place_of_preparation_salary_t__final_2014_2017_utla_collective_bargaini.csv
      -> summer_school_intersession__final_2014_2017_utla_collective_bargaini.csv
      -> employees_serving_in_place_of_development_center_e__final_2014_2017_utla_collective_bargaini.csv
      -> development_center_salary_v_table__final_2014_2017_utla_collective_bargaini.csv
      -> early_education_center_salary_c_table__final_2014_2017_utla_collective_bargaini.csv [audit corrected]
      -> pay_scale_group__final_2014_2017_utla_collective_bargaini.csv [audit corrected]
      -> 2014_2015_development_center_early_education_cente__final_2014_2017_utla_collective_bargaini.csv
      -> 2014_2015_adult_hourly_rate_thr_schedule_4__final_2014_2017_utla_collective_bargaini.csv
      -> 2014_2015_flat_hourly_rates__final_2014_2017_utla_collective_bargaini.csv
      -> 2014_2015_adult_hourly_rate_thr_schedule_4__final_2014_2017_utla_collective_bargaini__p333-333.csv
      -> 2014_2015_flat_hourly_rates__final_2014_2017_utla_collective_bargaini__p333-333.csv
      -> bilingual_master_plan_differentials_maximum_semest__final_2014_2017_utla_collective_bargaini.csv
      -> other_bilingual_master_plan_differential_rates_onl__final_2014_2017_utla_collective_bargaini.csv
      -> additional_bilingual_master_plan_differentials_max__final_2014_2017_utla_collective_bargaini.csv
      -> bilingual_master_plan_differentials_maximum_semest__final_2014_2017_utla_collective_bargaini__p334-334.csv
      -> other_bilingual_master_plan_differential_rates_onl__final_2014_2017_utla_collective_bargaini__p334-334.csv
      -> additional_bilingual_master_plan_differentials_max__final_2014_2017_utla_collective_bargaini__p334-334.csv
      -> other_additional_bilingual_master_plan_differentia__final_2014_2017_utla_collective_bargaini.csv
      -> one_time_stipends__final_2014_2017_utla_collective_bargaini.csv
      -> differentials_coordinating_early_childhood_center__final_2014_2017_utla_collective_bargaini.csv
      -> other_additional_bilingual_master_plan_differentia__final_2014_2017_utla_collective_bargaini__p335-335.csv
      -> one_time_stipends__final_2014_2017_utla_collective_bargaini__p335-335.csv
      -> differentials_coordinating_early_childhood_center__final_2014_2017_utla_collective_bargaini__p335-335.csv
      -> differential_national_board_certification_nbc__final_2014_2017_utla_collective_bargaini.csv
      -> differentials_activity_rates_activities_and_coachi__final_2014_2017_utla_collective_bargaini.csv
      -> 2014_2015_special_services_salary_d_table_4__final_2014_2017_utla_collective_bargaini.csv
      -> 2014_2015_special_services_salary_d_table__final_2014_2017_utla_collective_bargaini.csv
      -> 2014_2015_special_services_salary_d_table_continue__final_2014_2017_utla_collective_bargaini.csv
      -> 2014_2015_special_services_salary_d_table_continue__final_2014_2017_utla_collective_bargaini__p341-341.csv
      -> doctorate_degree_effective_7_01_08_degree_differen__final_2014_2017_utla_collective_bargaini.csv
      -> final_2014_2015_preparation_salary_t_table_2_and_4__final_2014_2017_utla_collective_bargaini.csv
      -> degree_differentials__final_2014_2017_utla_collective_bargaini__p343-343.csv
      -> maximum_rates_with_career_increments__final_2014_2017_utla_collective_bargaini__p343-343.csv
      -> final_2014_2015_preparation_salary_l_table_2_and_4__final_2014_2017_utla_collective_bargaini.csv [audit corrected]
      -> l_salary_table__final_2014_2017_utla_collective_bargaini.csv
      -> l_salary_table__final_2014_2017_utla_collective_bargaini__p345-345.csv
      -> l_salary_table__final_2014_2017_utla_collective_bargaini__p345-345.csv
      -> l_salary_table__final_2014_2017_utla_collective_bargaini__p345-345.csv
      -> l_salary_table__final_2014_2017_utla_collective_bargaini__p345-345.csv
      -> summer_school_intersession__final_2014_2017_utla_collective_bargaini__p346-346.csv
      -> development_center_salary_v_table__final_2014_2017_utla_collective_bargaini__p347-347.csv
      -> early_education_center_salary_c_table__final_2014_2017_utla_collective_bargaini__p347-347.csv
      -> appendix_e_pay_scale_level__final_2014_2017_utla_collective_bargaini.csv
      -> appendix_e_pay_scale_level_20__final_2014_2017_utla_collective_bargaini.csv
      -> 2014_2015_development_center_early_education_cente__final_2014_2017_utla_collective_bargaini__p348-348.csv
      -> final_2014_2015_adult_hourly_rate_thr_schedule_2_a__final_2014_2017_utla_collective_bargaini.csv
      -> 2014_2015_flat_hourly_rates__final_2014_2017_utla_collective_bargaini__p349-349.csv
      -> bilingual_master_plan_differentials_maximum_semest__final_2014_2017_utla_collective_bargaini__p350-350.csv [audit corrected]
      -> other_bilingual_master_plan_differential_rates_onl__final_2014_2017_utla_collective_bargaini__p350-350.csv [audit corrected]
      -> additional_bilingual_master_plan_differentials_max__final_2014_2017_utla_collective_bargaini__p350-350.csv [audit corrected]
      -> table_4_other_additional_bilingual_master_plan_dif__final_2014_2017_utla_collective_bargaini.csv
      -> table_5_one_time_stipends__final_2014_2017_utla_collective_bargaini.csv
      -> 5_differentials_coordinating_early_childhood_cente__final_2014_2017_utla_collective_bargaini.csv
      -> differential_activity_activity_and_coaching__final_2014_2017_utla_collective_bargaini.csv
      -> differentials_coordinating_assignments__final_2014_2017_utla_collective_bargaini.csv
      -> other_differentials__final_2014_2017_utla_collective_bargaini.csv [audit corrected]
      -> stipends__final_2014_2017_utla_collective_bargaini.csv
      -> peer_assistance_review_par_program__final_2014_2017_utla_collective_bargaini.csv
      -> 2014_2015_thr_schedule_etc_cont_d__final_2014_2017_utla_collective_bargaini.csv
      -> final_2014_2015_special_services_salary_d_table_2__final_2014_2017_utla_collective_bargaini.csv
      -> 2014_2015_special_services_salary_d_table_continue__final_2014_2017_utla_collective_bargaini__p355-355.csv
      -> 2014_2015_special_services_salary_d_table__final_2014_2017_utla_collective_bargaini__p356-356.csv
      -> 2014_2015_special_services_salary_d_table_continue__final_2014_2017_utla_collective_bargaini__p357-357.csv
      -> doctorate_degree_effective_7_01_08_degree_differen__final_2014_2017_utla_collective_bargaini.csv [audit corrected]
      -> degree_differentials__final_2014_2017_utla_collective_bargaini.csv
      -> first_career_increment_completed_27t14__final_2014_2017_utla_collective_bargaini.csv
      -> second_career_increment_after_5_yrs_on_first_c_i__final_2014_2017_utla_collective_bargaini.csv
      -> third_career_increment_after_5_yrs_on_second_c_i__final_2014_2017_utla_collective_bargaini.csv
      -> fourth_career_increment_after_5_yrs_on_third_c_i__final_2014_2017_utla_collective_bargaini.csv
      -> 2015_2016_preparation_salary_l_table__final_2014_2017_utla_collective_bargaini.csv
      -> l_salary_table__final_2014_2017_utla_collective_bargaini.csv
      -> first_career_increment_completed_27l14__final_2014_2017_utla_collective_bargaini.csv
      -> second_career_increment_after_5_yrs_on_first_c_i__final_2014_2017_utla_collective_bargaini__p361-361.csv
      -> third_career_increment_after_5_yrs_on_second_c_i__final_2014_2017_utla_collective_bargaini__p361-361.csv
      -> fourth_career_increment_after_5_yrs_on_third_c_i__final_2014_2017_utla_collective_bargaini__p361-361.csv
      -> employees_serving_in_place_of_preparation_salary_t__final_2014_2017_utla_collective_bargaini.csv
      -> summer_school_intersession__final_2014_2017_utla_collective_bargaini.csv
      -> employees_serving_in_place_of_development_center_e__final_2014_2017_utla_collective_bargaini.csv [audit corrected]
      -> development_center_salary_v_table__final_2014_2017_utla_collective_bargaini.csv
      -> early_education_center_salary_c_table__final_2014_2017_utla_collective_bargaini.csv [audit corrected]
      -> appendix_e__final_2014_2017_utla_collective_bargaini.csv [audit corrected]
      -> appendix_e__final_2014_2017_utla_collective_bargaini__p364-364.csv
      -> 2015_2016_adult_hourly_rate_thr_schedule__final_2014_2017_utla_collective_bargaini.csv
      -> 2015_2016_flat_hourly_rates__final_2014_2017_utla_collective_bargaini.csv
      -> bilingual_master_plan_differentials_maximum_semest__final_2014_2017_utla_collective_bargaini.csv
      -> other_bilingual_master_plan_differential_rates_onl__final_2014_2017_utla_collective_bargaini.csv
      -> additional_bilingual_master_plan_differentials_max__final_2014_2017_utla_collective_bargaini.csv
      -> table_4_other_additional_bilingual_master_plan_dif__final_2014_2017_utla_collective_bargaini.csv
      -> table_5_one_time_stipends__final_2014_2017_utla_collective_bargaini.csv
      -> 5_differentials_coordinating_early_childhood_cente__final_2014_2017_utla_collective_bargaini.csv
      -> differentials_activity_rates_activities_and_coachi__final_2014_2017_utla_collective_bargaini.csv [audit corrected]
      -> differentials_coordinating_assignments__final_2014_2017_utla_collective_bargaini.csv [audit corrected]
      -> 2015_2016_special_services_salary_d_table__final_2014_2017_utla_collective_bargaini.csv
      -> 2015_2016_special_services_salary_d_table__final_2014_2017_utla_collective_bargaini__p370-370.csv
      -> 2015_2016_special_services_salary_d_table_continue__final_2014_2017_utla_collective_bargaini.csv
      -> 2015_2016_special_services_salary_d_table_continue__final_2014_2017_utla_collective_bargaini__p372-372.csv [audit corrected]
      -> 2015_2016_special_services_salary_d_table_continue__final_2014_2017_utla_collective_bargaini__p373-373.csv
      -> doctorate_degree_effective_7_01_08_degree_differen__final_2014_2017_utla_collective_bargaini.csv
      -> 2015_2016_preparation_salary_t_table__final_2014_2017_utla_collective_bargaini.csv
      -> degree_differentials__final_2014_2017_utla_collective_bargaini__p375-375.csv
      -> maximum_rates_with_career_increments_first_career__final_2014_2017_utla_collective_bargaini.csv
      -> maximum_rates_with_career_increments_second_career__final_2014_2017_utla_collective_bargaini.csv
      -> maximum_rates_with_career_increments_third_career__final_2014_2017_utla_collective_bargaini.csv
      -> maximum_rates_with_career_increments_fourth_career__final_2014_2017_utla_collective_bargaini.csv
      -> degree_differentials__final_2014_2017_utla_collective_bargaini__p375-375.csv [audit corrected]
      -> 2015_2016_preparation_salary_l_table__final_2014_2017_utla_collective_bargaini__p376-376.csv
      -> l_salary_table__final_2014_2017_utla_collective_bargaini__p377-377.csv [audit corrected]
      -> first_career_increment_completed_27l14__final_2014_2017_utla_collective_bargaini__p377-377.csv
      -> second_career_increment_after_5_yrs_on_first_c_i__final_2014_2017_utla_collective_bargaini__p377-377.csv
      -> third_career_increment_after_5_yrs_on_second_c_i__final_2014_2017_utla_collective_bargaini__p377-377.csv
      -> fourth_career_increment_after_5_yrs_on_third_c_i__final_2014_2017_utla_collective_bargaini__p377-377.csv
      -> summer_school_intersession__final_2014_2017_utla_collective_bargaini__p378-378.csv
      -> development_center_salary_v_table__final_2014_2017_utla_collective_bargaini__p379-379.csv
      -> early_education_center_salary_c_table__final_2014_2017_utla_collective_bargaini__p379-379.csv
      -> pay_scale_level__final_2014_2017_utla_collective_bargaini.csv
      -> appendix_e__final_2014_2017_utla_collective_bargaini__p380-380.csv
      -> 2015_2016_adult_hourly_rate_thr_schedule__final_2014_2017_utla_collective_bargaini__p381-381.csv
      -> flat_hourly_rates__final_2014_2017_utla_collective_bargaini.csv
      -> bilingual_master_plan_differentials_maximum_semest__final_2014_2017_utla_collective_bargaini__p382-382.csv
      -> other_bilingual_master_plan_differential_rates_onl__final_2014_2017_utla_collective_bargaini__p382-382.csv
      -> additional_bilingual_master_plan_differentials_max__final_2014_2017_utla_collective_bargaini__p382-382.csv
      -> other_additional_bilingual_master_plan_differentia__final_2014_2017_utla_collective_bargaini.csv
      -> one_time_stipends__final_2014_2017_utla_collective_bargaini.csv
      -> differentials_coordinating_early_childhood_center__final_2014_2017_utla_collective_bargaini.csv
      -> differentials_activity_rates_activities_and_coachi__final_2014_2017_utla_collective_bargaini__p384-384.csv
      -> sport_activity__final_2014_2017_utla_collective_bargaini.csv
      -> sport_activity__final_2014_2017_utla_collective_bargaini__p384-384.csv
      -> 10_other_differentials__final_2014_2017_utla_collective_bargaini.csv [audit corrected]
      -> 11_stipends__final_2014_2017_utla_collective_bargaini.csv
      -> 12_peer_assistance_review_par_program__final_2014_2017_utla_collective_bargaini.csv
      -> 2015_2016_special_services_salary_d_table__final_2014_2017_utla_collective_bargaini__p386-386.csv
      -> 2015_2016_special_services_salary_d_table_continue__final_2014_2017_utla_collective_bargaini__p387-387.csv
      -> 2015_2016_special_services_salary_d_table_continue__final_2014_2017_utla_collective_bargaini__p388-388.csv
      -> 2015_2016_special_services_salary_d_table_continue__final_2014_2017_utla_collective_bargaini__p389-389.csv
      -> doctorate_degree_effective_7_01_08_degree_differen__final_2014_2017_utla_collective_bargaini__p389-389.csv [audit corrected]
      -> degree_differentials__final_2014_2017_utla_collective_bargaini.csv [audit corrected]
      -> maximum_rates_with_career_increments__final_2014_2017_utla_collective_bargaini.csv [audit corrected]
      -> 2016_2017_preparation_salary_l_table__final_2014_2017_utla_collective_bargaini.csv
      -> 2016_2017_preparation_salary_l_table_continued_l_s__final_2014_2017_utla_collective_bargaini.csv
      -> employees_serving_in_place_of_preparation_salary_t__final_2014_2017_utla_collective_bargaini.csv
      -> summer_school_intersession__final_2014_2017_utla_collective_bargaini.csv
      -> employees_serving_in_place_of_development_center_e__final_2014_2017_utla_collective_bargaini.csv
      -> development_center_salary_v_table__final_2014_2017_utla_collective_bargaini.csv
      -> early_education_center_salary_c_table__final_2014_2017_utla_collective_bargaini.csv
      -> appendix_e__final_2014_2017_utla_collective_bargaini.csv
      -> appendix_e__final_2014_2017_utla_collective_bargaini__p396-396.csv
      -> 2016_2017_adult_hourly_rate_thr_schedule__final_2014_2017_utla_collective_bargaini.csv
      -> 2016_2017_flat_hourly_rates__final_2014_2017_utla_collective_bargaini.csv
      -> bilingual_master_plan_differentials_maximum_semest__final_2014_2017_utla_collective_bargaini.csv
      -> other_bilingual_master_plan_differential_rates_onl__final_2014_2017_utla_collective_bargaini.csv [audit corrected]
      -> additional_bilingual_master_plan_differentials_max__final_2014_2017_utla_collective_bargaini.csv [audit corrected]
      -> table_4_other_additional_bilingual_master_plan_dif__final_2014_2017_utla_collective_bargaini.csv
      -> table_5_one_time_stipends__final_2014_2017_utla_collective_bargaini.csv
      -> differentials_coordinating_early_childhood_center__final_2014_2017_utla_collective_bargaini.csv
      -> differential_activity_activity_and_coaching__final_2014_2017_utla_collective_bargaini.csv
      -> differentials_coordinating_assignments__final_2014_2017_utla_collective_bargaini.csv
      -> other_differentials__final_2014_2017_utla_collective_bargaini.csv
      -> stipends__final_2014_2017_utla_collective_bargaini.csv
      -> peer_assistance_review_par_program__final_2014_2017_utla_collective_bargaini.csv
      -> 2016_2017_special_services_salary_d_table__final_2014_2017_utla_collective_bargaini.csv
      -> 2016_2017_special_services_salary_d_table_continue__final_2014_2017_utla_collective_bargaini.csv [audit corrected]
      -> 2016_2017_special_services_salary_d_table_continue__final_2014_2017_utla_collective_bargaini__p404-404.csv
      -> 2016_2017_special_services_salary_d_table_continue__final_2014_2017_utla_collective_bargaini__p405-405.csv [audit corrected]

176 schedule grid(s) -> /gpfs/home/cjg79/contracts/contract_coding_CG/output_v9/los_angeles_unified_school_district/salary_schedule_wide
  26 corrected by audit, 0 flagged with unresolved issues
Document status summary: {'ok': 1}
