Processing 1 document(s) ...
[ 1/1] MCEA-Contract-FY15-FY17-3-15-14.pdf ...
      4 schedule(s) found
      -> 10_month_salary_schedule__mcea_contract_fy15_fy17_3_15_14.csv
      -> 10_month_salary_schedule__mcea_contract_fy15_fy17_3_15_14.csv
      -> 10_month_salary_schedule__mcea_contract_fy15_fy17_3_15_14.csv
      -> 10_month_salary_schedule__mcea_contract_fy15_fy17_3_15_14.csv

4 schedule grid(s) -> /gpfs/home/cjg79/contracts/contract_coding_CG/output_v9/montgomery_county_public_schools/salary_schedule_wide
Document status summary: {'ok': 1}
Processing 1 document(s) ...
[ 1/1] MCEA-Contract-FY15-FY17-3-15-14.pdf ...
      4 schedule(s) found
      -> 10_month_salary_schedule__mcea_contract_fy15_fy17_3_15_14__p76-76.csv
      -> 10_month_salary_schedule__mcea_contract_fy15_fy17_3_15_14__p77-77.csv
      -> 10_month_salary_schedule__mcea_contract_fy15_fy17_3_15_14__p78-78.csv
      -> 10_month_salary_schedule__mcea_contract_fy15_fy17_3_15_14__p79-79.csv

4 schedule grid(s) -> /gpfs/home/cjg79/contracts/contract_coding_CG/output_v9/montgomery_county_public_schools/salary_schedule_wide
Document status summary: {'ok': 1}
Processing 1 document(s) ...
[ 1/1] MCEA-Contract-FY15-FY17-3-15-14.pdf ...
      4 schedule(s) found
      -> 10_month_salary_schedule__mcea_contract_fy15_fy17_3_15_14__p76-76.csv
      -> 10_month_salary_schedule__mcea_contract_fy15_fy17_3_15_14__p77-77.csv
      -> 10_month_salary_schedule__mcea_contract_fy15_fy17_3_15_14__p78-78.csv
      -> 10_month_salary_schedule__mcea_contract_fy15_fy17_3_15_14__p79-79.csv

4 schedule grid(s) -> /gpfs/home/cjg79/contracts/contract_coding_CG/output_v9/montgomery_county_public_schools/salary_schedule_wide
Document status summary: {'ok': 1}
