Reading codebook and sample ...
  106 questions | 12 categories | 23 sub-batches (max 6/batch) | 1 document(s)
[ 1/1] NYC_19-22_CBA.pdf ...
      meta batch 1: 6 questions done
      meta batch 2: 3 questions done
      pay batch 1: 6 questions done
      pay batch 2: 6 questions done
      pay batch 3: 5 questions done
Reading codebook and sample ...
  106 questions | 12 categories | 23 sub-batches (max 6/batch) | 1 document(s)
[ 1/1] NYC_19-22_CBA.pdf ...
      meta batch 1: 6 questions done
      meta batch 2: 3 questions done
      pay batch 1: 6 questions done
      pay batch 2: 6 questions done
      pay batch 3: 5 questions done
      benefits batch 1: 6 questions done
      benefits batch 2: 6 questions done
Reading codebook and sample ...
  106 questions | 12 categories | 23 sub-batches (max 6/batch) | 1 document(s)
[ 1/1] NYC_19-22_CBA.pdf ...
      meta batch 1: 6 questions done
      meta batch 2: 3 questions done
      pay batch 1: 6 questions done
      pay batch 2: 6 questions done
      pay batch 3: 5 questions done
      benefits batch 1: 6 questions done
      benefits batch 2: 6 questions done
      leave batch 1: 6 questions done
      leave batch 2: 6 questions done
      leave batch 3: 1 question done
      workload batch 1: 6 questions done
      workload batch 2: 3 questions done
      class batch 1: 4 questions done
      evaluation batch 1: 6 questions done
      evaluation batch 2: 2 questions done
      security batch 1: 6 questions done
      security batch 2: 5 questions done
      discipline batch 1: 2 questions done
      conduct batch 1: 6 questions done
      conduct batch 2: 4 questions done
      safety batch 1: 6 questions done
      safety batch 2: 2 questions done
      pd batch 1: 3 questions done

Writing outputs ...
  1 document rows  → /gpfs/home/cjg79/contracts/contract_coding_CG/output_v9/new_york_city_department_of_education/llm_main_dataset.csv
  106 log rows        → /gpfs/home/cjg79/contracts/contract_coding_CG/output_v9/new_york_city_department_of_education/llm_coding_log.csv
