Processing 1 document(s) ...
[ 1/1] SD_of_Philadelphia_2021-2024.pdf ...
Processing 1 document(s) ...
[ 1/1] SD_of_Philadelphia_2021-2024.pdf ...
      87 schedule(s) found
      -> teacher_apprentice_teacher_pre_professional_teache__sd_of_philadelphia_2021_2024.csv
      -> master_s_30_doctorate__sd_of_philadelphia_2021_2024.csv
      -> senior_career_teacher__sd_of_philadelphia_2021_2024.csv
      -> special_education_teacher_or_apprentice_or_pre_pro__sd_of_philadelphia_2021_2024.csv
      -> teachers_salary_schedule__sd_of_philadelphia_2021_2024.csv [audit corrected]
      -> bachelor_s_or_equivalent__sd_of_philadelphia_2021_2024.csv
      -> master_s_or_equivalent__sd_of_philadelphia_2021_2024.csv
      -> master_s_30__sd_of_philadelphia_2021_2024.csv
      -> doctorate__sd_of_philadelphia_2021_2024.csv
      -> senior_career_teacher__sd_of_philadelphia_2021_2024.csv
      -> bachelor_s_or_equivalent__sd_of_philadelphia_2021_2024__p144-147.csv
      -> master_s_or_equivalent__sd_of_philadelphia_2021_2024__p144-147.csv
      -> master_s_30__sd_of_philadelphia_2021_2024__p144-147.csv
      -> doctorate__sd_of_philadelphia_2021_2024__p144-147.csv
      -> senior_career_teacher__sd_of_philadelphia_2021_2024__p144-147.csv
      -> long_term_substitute_teacher_school_nurse_and_scho__sd_of_philadelphia_2021_2024.csv
      -> high_school_athletic_coach_salaries__sd_of_philadelphia_2021_2024.csv
      -> extramural_sports_salaries__sd_of_philadelphia_2021_2024.csv
      -> non_teaching_and_secretarial_salary_schedule__sd_of_philadelphia_2021_2024.csv [audit corrected]
      -> pay_grade_49_records_clerk_home_visitors_ii__sd_of_philadelphia_2021_2024.csv
      -> pay_grade_14_accounting_clerk_administrative_suppo__sd_of_philadelphia_2021_2024.csv
      -> pay_grade_50_intermediate_clerk__sd_of_philadelphia_2021_2024.csv
      -> pay_grade_17_customer_service_rep_workers_compensa__sd_of_philadelphia_2021_2024.csv
      -> pay_grade_20_administrative_technician_employee_he__sd_of_philadelphia_2021_2024.csv
      -> pay_grade_22_budget_technician_data_processing_spe__sd_of_philadelphia_2021_2024.csv
      -> pay_grade_1624_school_operations_officer_10_month__sd_of_philadelphia_2021_2024.csv
      -> pay_grade_24_support_specialist_payroll_specialist__sd_of_philadelphia_2021_2024.csv
      -> pay_grade_401_climate_support_specialist_10_month__sd_of_philadelphia_2021_2024.csv
      -> pay_grade_559_classroom_assistant_special_ed_assis__sd_of_philadelphia_2021_2024.csv
      -> pay_grade_14_school_based_technology_maintenance_a__sd_of_philadelphia_2021_2024.csv
      -> pay_grade_17_community_builder_12_month__sd_of_philadelphia_2021_2024.csv
      -> pay_grade_1620_family_engagement_liaison_10_month__sd_of_philadelphia_2021_2024.csv
      -> pay_grade_513_school_community_coordinator_conflic__sd_of_philadelphia_2021_2024.csv
      -> pay_grade_514_bilingual_counseling_assistant_10_mo__sd_of_philadelphia_2021_2024.csv
      -> pay_grade_526_deaf_hard_of_hearing_interpreter_10__sd_of_philadelphia_2021_2024.csv
      -> pay_grade_401_climate_support_specialist_10_month__sd_of_philadelphia_2021_2024.csv
      -> pay_grade_559_classroom_assistant_special_ed_assis__sd_of_philadelphia_2021_2024.csv
      -> pay_grade_14_school_based_technology_maintenance_a__sd_of_philadelphia_2021_2024.csv
      -> pay_grade_17_community_builder_12_month__sd_of_philadelphia_2021_2024.csv
      -> pay_grade_1620_family_engagement_liaison_10_month__sd_of_philadelphia_2021_2024.csv
      -> pay_grade_513_school_community_coordinator_conflic__sd_of_philadelphia_2021_2024.csv
      -> pay_grade_514_bilingual_counseling_assistant_10_mo__sd_of_philadelphia_2021_2024.csv
      -> social_services_field_representative_pre_k__sd_of_philadelphia_2021_2024.csv
      -> pay_grade_897_teacher_assistant_pre_k_with_cda__sd_of_philadelphia_2021_2024.csv
      -> pay_grade_514_bilingual_counseling_assistant_10_mo__sd_of_philadelphia_2021_2024__p152-155.csv [audit flagged, unresolved]
      -> pay_grade_559_teacher_assistant_pre_k_without_cda__sd_of_philadelphia_2021_2024.csv
      -> food_service_manager_i__sd_of_philadelphia_2021_2024.csv
      -> food_service_manager_ii__sd_of_philadelphia_2021_2024.csv
      -> food_service_manager_iii__sd_of_philadelphia_2021_2024.csv
      -> food_service_manager_iv__sd_of_philadelphia_2021_2024.csv
      -> pay_grade_17__sd_of_philadelphia_2021_2024.csv
      -> pay_grade_19__sd_of_philadelphia_2021_2024.csv
      -> pay_grade_20__sd_of_philadelphia_2021_2024.csv
      -> pay_grade_22__sd_of_philadelphia_2021_2024.csv
      -> pay_grade_23__sd_of_philadelphia_2021_2024.csv
      -> pay_grade_24__sd_of_philadelphia_2021_2024.csv
      -> pay_grade_25__sd_of_philadelphia_2021_2024.csv
      -> pay_grade_26__sd_of_philadelphia_2021_2024.csv
      -> professional_technical_salaries__sd_of_philadelphia_2021_2024.csv
      -> professional_technical_salaries__sd_of_philadelphia_2021_2024__p156-159.csv
      -> professional_technical_salaries__sd_of_philadelphia_2021_2024__p156-159.csv
      -> professional_technical_salaries__sd_of_philadelphia_2021_2024__p156-159.csv
      -> professional_technical_salaries__sd_of_philadelphia_2021_2024__p156-159.csv
      -> professional_technical_salaries__sd_of_philadelphia_2021_2024__p156-159.csv
      -> professional_technical_salaries__sd_of_philadelphia_2021_2024__p156-159.csv
      -> professional_technical_salaries__sd_of_philadelphia_2021_2024__p156-159.csv
      -> professional_technical_salaries__sd_of_philadelphia_2021_2024__p156-159.csv
      -> professional_technical_salaries__sd_of_philadelphia_2021_2024__p156-159.csv
      -> professional_technical_salaries__sd_of_philadelphia_2021_2024__p156-159.csv
      -> professional_technical_salaries__sd_of_philadelphia_2021_2024__p156-159.csv
      -> professional_technical_salaries__sd_of_philadelphia_2021_2024__p156-159.csv
      -> professional_technical_salaries__sd_of_philadelphia_2021_2024__p156-159.csv
      -> professional_technical_salaries__sd_of_philadelphia_2021_2024__p156-159.csv
      -> professional_technical_salaries__sd_of_philadelphia_2021_2024__p156-159.csv
      -> professional_technical_salaries__sd_of_philadelphia_2021_2024__p156-159.csv
      -> professional_technical_salaries__sd_of_philadelphia_2021_2024__p156-159.csv
      -> professional_technical_salaries__sd_of_philadelphia_2021_2024.csv
      -> professional_technical_salaries__sd_of_philadelphia_2021_2024__p156-159.csv
      -> professional_technical_salaries__sd_of_philadelphia_2021_2024__p156-159.csv
      -> professional_technical_salaries__sd_of_philadelphia_2021_2024__p156-159.csv
      -> professional_technical_salaries__sd_of_philadelphia_2021_2024__p156-159.csv
      -> professional_technical_salaries__sd_of_philadelphia_2021_2024__p156-159.csv
      -> professional_technical_salaries__sd_of_philadelphia_2021_2024__p156-159.csv
      -> professional_technical_salaries__sd_of_philadelphia_2021_2024__p156-159.csv
      -> professional_technical_salaries__sd_of_philadelphia_2021_2024__p156-159.csv
      -> professional_technical_salaries__sd_of_philadelphia_2021_2024__p156-159.csv
      -> professional_technical_salaries__sd_of_philadelphia_2021_2024.csv

87 schedule grid(s) -> /gpfs/home/cjg79/contracts/contract_coding_CG/output_v9/school_district_of_philadelphia/salary_schedule_wide
  2 corrected by audit, 1 flagged with unresolved issues
Document status summary: {'ok': 1}
