=== Pipeline started at Wed Jul  1 00:18:34 EDT 2026 ===
[Stage 1] llm_extract.py
  attempt 1 at Wed Jul  1 00:18:34 EDT 2026
=== Pipeline started at Wed Jul  1 09:02:44 EDT 2026 ===
[Stage 1] llm_extract.py
  attempt 1 at Wed Jul  1 09:02:44 EDT 2026
  llm_extract finished OK (attempt 1)
[Stage 2] salary_schedule.py at Thu Jul  2 14:16:06 EDT 2026
  salary_schedule finished OK
[Stage 3] rights_score.py at Thu Jul  2 14:17:25 EDT 2026
  rights_score finished OK
=== Pipeline complete at Thu Jul  2 16:48:14 EDT 2026 ===
=== Pipeline started at Thu Jul  2 16:49:54 EDT 2026 ===
[Stage 1] llm_extract.py
  attempt 1 at Thu Jul  2 16:49:54 EDT 2026
  llm_extract finished OK (attempt 1)
[Stage 2] salary_schedule.py at Fri Jul  3 00:22:28 EDT 2026
  salary_schedule finished OK
[Stage 3] rights_score.py at Fri Jul  3 00:22:31 EDT 2026
  rights_score finished OK
=== Pipeline complete at Fri Jul  3 00:23:33 EDT 2026 ===
