Processing 40 document(s) ...
[ 1/40] professional_agreement_with_gea_2020_2023.pdf ...
      needs_dropbox_hydration
[ 2/40] Granite_School_DistrictTeacher_-_GSD_GEA_Professional_Agreement_2011-2014.pdf ...
      needs_dropbox_hydration
[ 3/40] 95.pdf ...
      911 clauses extracted, 878 scored, 1/118 chunks failed
[ 4/40] Santa_Ana_2016-2019_Contract.pdf ...
      0 clauses extracted, 0 scored
[ 5/40] birmingham_policy_manual_2011.pdf ...
      needs_dropbox_hydration
[ 6/40] Birmingham_Policy_Manual_updated_6_2012.pdf ...
      needs_dropbox_hydration
[ 7/40] X_DCPS_2017_-_2019_tentative.pdf ...
      needs_dropbox_hydration
[ 8/40] DCPS_WTU_CBA_2023-2028.pdf ...
      needs_dropbox_hydration
[ 9/40] Osceola_County_2021-22_and_2022-23_Instructional_Employees_Contract_110221.pdf ...
      needs_dropbox_hydration
[10/40] Osceola_2018-19_INSTRUCTIONAL_EMPLOYEES__CONTRACT_082918.pdf ...
      needs_dropbox_hydration
[11/40] V2-Flyer-Contract-Settlement-Highlights_for-contract-vote.pdf ...
      needs_dropbox_hydration
[12/40] Montgomery_11-14.pdf ...
      needs_dropbox_hydration
[13/40] 14-05.pdf ...
      needs_dropbox_hydration
[14/40] 14.pdf ...
      needs_dropbox_hydration
[15/40] Employee_HAndbook2012-2013.pdf ...
      needs_dropbox_hydration
[16/40] Model_employee_handbook_2013-2014_(2)_(1).pdf ...
      needs_dropbox_hydration
[17/40] 84.pdf ...
      needs_dropbox_hydration
[18/40] Wes_Ada_Agreement_2022-2023.pdf ...
      needs_dropbox_hydration
[19/40] Cincinnati__2017_TA_CPS__CFT.pdf ...
      needs_dropbox_hydration
[20/40] Cincinnati_0709.pdf ...
      needs_dropbox_hydration
[21/40] UESF_Certificated_CBA_2023-2025_Executed.pdf ...
      needs_dropbox_hydration
[22/40] 94.pdf ...
      needs_dropbox_hydration
[23/40] 80-07.pdf ...
      needs_dropbox_hydration
[24/40] Indianapolis_IEA_Agreement_2006_-_2007.pdf ...
      needs_dropbox_hydration
[25/40] aft_cert_cba_7_14_17_final_for_posting_on_web.pdf ...
      needs_dropbox_hydration
[26/40] KC_AFT_CERTIFED_CBA-_FINAL_DRAFT_2023-2026.pdf ...
      needs_dropbox_hydration
[27/40] 2015-2016_Aldine_ISD_2015-16_teacher_handbook.pdf ...
      needs_dropbox_hydration
[28/40] 2012-2013_Aldine_teacher_handbook_2012-13.pdf ...
      needs_dropbox_hydration
[29/40] Pinellas_PCTA_CBA_Final_04_12_22-06_30_25_including_links_920344.pdf ...
      needs_dropbox_hydration
[30/40] Pinellas_Agreement_-_Final_Redlined_11419(3).pdf ...
      needs_dropbox_hydration
[31/40] Albuqurque_tentative_agreement_15-16.pdf ...
      needs_dropbox_hydration
[32/40] Albequerque_2022-2023.pdf ...
      needs_dropbox_hydration
[33/40] 2015-17xx_TA_Summary_01-24-2016[1].pdf ...
      needs_dropbox_hydration
[34/40] teachers_2019-2021_final_3-15-2021_signed.pdf ...
      needs_dropbox_hydration
[35/40] Fresno_2016-2019_CBA.pdf ...
      needs_dropbox_hydration
[36/40] Fresno_Tentative_Agreement_2013-2016.pdf ...
      needs_dropbox_hydration
[37/40] Palm_Beach_County_CTACBAJuly2011-June2014.pdf ...
      needs_dropbox_hydration
[38/40] Palm_Beach_2011-2014_CBA_w_2013-2014_modifications.pdf ...
      needs_dropbox_hydration
[39/40] Garland_16-17_handbook.pdf ...
      needs_dropbox_hydration
[40/40] 2019-2020_employee_handbook.pdf ...
      needs_dropbox_hydration

911 clause rows    -> /Users/camerongreene/Dropbox (Personal)/1. Barbara/contracts/contract_coding_CG/output_v2/rights_score_long.csv
2 document rows -> /Users/camerongreene/Dropbox (Personal)/1. Barbara/contracts/contract_coding_CG/output_v2/rights_score_summary.csv
Document status summary: {'needs_dropbox_hydration': 38, 'ok': 2}
Processing 40 document(s) ...
[ 1/40] professional_agreement_with_gea_2020_2023.pdf ...
      needs_dropbox_hydration
[ 2/40] Granite_School_DistrictTeacher_-_GSD_GEA_Professional_Agreement_2011-2014.pdf ...
      needs_dropbox_hydration
[ 3/40] 95.pdf ...
      924 clauses extracted, 890 scored
[ 4/40] Santa_Ana_2016-2019_Contract.pdf ...
      0 clauses extracted, 0 scored
[ 5/40] birmingham_policy_manual_2011.pdf ...
      needs_dropbox_hydration
[ 6/40] Birmingham_Policy_Manual_updated_6_2012.pdf ...
      needs_dropbox_hydration
[ 7/40] X_DCPS_2017_-_2019_tentative.pdf ...
      needs_dropbox_hydration
[ 8/40] DCPS_WTU_CBA_2023-2028.pdf ...
      needs_dropbox_hydration
[ 9/40] Osceola_County_2021-22_and_2022-23_Instructional_Employees_Contract_110221.pdf ...
      needs_dropbox_hydration
[10/40] Osceola_2018-19_INSTRUCTIONAL_EMPLOYEES__CONTRACT_082918.pdf ...
      needs_dropbox_hydration
[11/40] V2-Flyer-Contract-Settlement-Highlights_for-contract-vote.pdf ...
      needs_dropbox_hydration
[12/40] Montgomery_11-14.pdf ...
      needs_dropbox_hydration
[13/40] 14-05.pdf ...
      needs_dropbox_hydration
[14/40] 14.pdf ...
      needs_dropbox_hydration
[15/40] Employee_HAndbook2012-2013.pdf ...
      needs_dropbox_hydration
[16/40] Model_employee_handbook_2013-2014_(2)_(1).pdf ...
      needs_dropbox_hydration
[17/40] 84.pdf ...
      needs_dropbox_hydration
[18/40] Wes_Ada_Agreement_2022-2023.pdf ...
      needs_dropbox_hydration
[19/40] Cincinnati__2017_TA_CPS__CFT.pdf ...
      needs_dropbox_hydration
[20/40] Cincinnati_0709.pdf ...
      needs_dropbox_hydration
[21/40] UESF_Certificated_CBA_2023-2025_Executed.pdf ...
      needs_dropbox_hydration
[22/40] 94.pdf ...
      needs_dropbox_hydration
[23/40] 80-07.pdf ...
      needs_dropbox_hydration
[24/40] Indianapolis_IEA_Agreement_2006_-_2007.pdf ...
      needs_dropbox_hydration
[25/40] aft_cert_cba_7_14_17_final_for_posting_on_web.pdf ...
      needs_dropbox_hydration
[26/40] KC_AFT_CERTIFED_CBA-_FINAL_DRAFT_2023-2026.pdf ...
      needs_dropbox_hydration
[27/40] 2015-2016_Aldine_ISD_2015-16_teacher_handbook.pdf ...
      needs_dropbox_hydration
[28/40] 2012-2013_Aldine_teacher_handbook_2012-13.pdf ...
      needs_dropbox_hydration
[29/40] Pinellas_PCTA_CBA_Final_04_12_22-06_30_25_including_links_920344.pdf ...
      needs_dropbox_hydration
[30/40] Pinellas_Agreement_-_Final_Redlined_11419(3).pdf ...
      needs_dropbox_hydration
[31/40] Albuqurque_tentative_agreement_15-16.pdf ...
      needs_dropbox_hydration
[32/40] Albequerque_2022-2023.pdf ...
      needs_dropbox_hydration
[33/40] 2015-17xx_TA_Summary_01-24-2016[1].pdf ...
      needs_dropbox_hydration
[34/40] teachers_2019-2021_final_3-15-2021_signed.pdf ...
      needs_dropbox_hydration
[35/40] Fresno_2016-2019_CBA.pdf ...
      needs_dropbox_hydration
[36/40] Fresno_Tentative_Agreement_2013-2016.pdf ...
      needs_dropbox_hydration
[37/40] Palm_Beach_County_CTACBAJuly2011-June2014.pdf ...
      needs_dropbox_hydration
[38/40] Palm_Beach_2011-2014_CBA_w_2013-2014_modifications.pdf ...
      needs_dropbox_hydration
[39/40] Garland_16-17_handbook.pdf ...
      needs_dropbox_hydration
[40/40] 2019-2020_employee_handbook.pdf ...
      needs_dropbox_hydration

924 clause rows    -> /Users/camerongreene/Dropbox (Personal)/1. Barbara/contracts/contract_coding_CG/output_v2/rights_score_long.csv
2 document rows -> /Users/camerongreene/Dropbox (Personal)/1. Barbara/contracts/contract_coding_CG/output_v2/rights_score_summary.csv
Document status summary: {'needs_dropbox_hydration': 38, 'ok': 2}
