Processing 17 document(s) ...
[ 1/17] Granite_School_DistrictTeacher_-_GSD_GEA_Professional_Agreement_2011-2014.pdf ...
      needs_dropbox_hydration
[ 2/17] 95.pdf ...
      1 schedule(s) found
      -> appendix_b_santa_ana_unified_school_district_psych__95.csv
[ 3/17] X_DCPS_2017_-_2019_tentative.pdf ...
      needs_dropbox_hydration
[ 4/17] DCPS_WTU_CBA_2023-2028.pdf ...
      needs_dropbox_hydration
[ 5/17] Osceola_County_2021-22_and_2022-23_Instructional_Employees_Contract_110221.pdf ...
      needs_dropbox_hydration
[ 6/17] Osceola_2018-19_INSTRUCTIONAL_EMPLOYEES__CONTRACT_082918.pdf ...
      needs_dropbox_hydration
[ 7/17] Montgomery_11-14.pdf ...
      needs_dropbox_hydration
[ 8/17] 14-05.pdf ...
      needs_dropbox_hydration
[ 9/17] 14.pdf ...
      needs_dropbox_hydration
[10/17] 84.pdf ...
      needs_dropbox_hydration
[11/17] 80-07.pdf ...
      needs_dropbox_hydration
[12/17] KC_AFT_CERTIFED_CBA-_FINAL_DRAFT_2023-2026.pdf ...
      needs_dropbox_hydration
[13/17] Pinellas_Agreement_-_Final_Redlined_11419(3).pdf ...
      needs_dropbox_hydration
[14/17] Albuqurque_tentative_agreement_15-16.pdf ...
      needs_dropbox_hydration
[15/17] Albequerque_2022-2023.pdf ...
      needs_dropbox_hydration
[16/17] teachers_2019-2021_final_3-15-2021_signed.pdf ...
      needs_dropbox_hydration
[17/17] Palm_Beach_2011-2014_CBA_w_2013-2014_modifications.pdf ...
      needs_dropbox_hydration

1 schedule grid(s) -> /Users/camerongreene/Dropbox (Personal)/1. Barbara/contracts/contract_coding_CG/output_v2/salary_schedule_wide
Document status summary: {'needs_dropbox_hydration': 16, 'ok': 1}
Processing 19 document(s) ...
[ 1/19] Granite_School_DistrictTeacher_-_GSD_GEA_Professional_Agreement_2011-2014.pdf ...
      needs_dropbox_hydration
[ 2/19] 95.pdf ...
      1 schedule(s) found
      -> appendix_b_santa_ana_unified_school_district_psych__95__p130-131.csv
[ 3/19] X_DCPS_2017_-_2019_tentative.pdf ...
      needs_dropbox_hydration
[ 4/19] DCPS_WTU_CBA_2023-2028.pdf ...
      needs_dropbox_hydration
[ 5/19] Osceola_County_2021-22_and_2022-23_Instructional_Employees_Contract_110221.pdf ...
      needs_dropbox_hydration
[ 6/19] Osceola_2018-19_INSTRUCTIONAL_EMPLOYEES__CONTRACT_082918.pdf ...
      needs_dropbox_hydration
[ 7/19] Montgomery_11-14.pdf ...
      needs_dropbox_hydration
[ 8/19] 14-05.pdf ...
      needs_dropbox_hydration
[ 9/19] 14.pdf ...
      needs_dropbox_hydration
[10/19] 84.pdf ...
      needs_dropbox_hydration
[11/19] 80-07.pdf ...
      needs_dropbox_hydration
[12/19] KC_AFT_CERTIFED_CBA-_FINAL_DRAFT_2023-2026.pdf ...
      needs_dropbox_hydration
[13/19] Pinellas_Agreement_-_Final_Redlined_11419(3).pdf ...
      needs_dropbox_hydration
[14/19] Albuqurque_tentative_agreement_15-16.pdf ...
      needs_dropbox_hydration
[15/19] Albequerque_2022-2023.pdf ...
      needs_dropbox_hydration
[16/19] teachers_2019-2021_final_3-15-2021_signed.pdf ...
      needs_dropbox_hydration
[17/19] Fresno_2016-2019_CBA.pdf ...
      needs_dropbox_hydration
[18/19] Palm_Beach_County_CTACBAJuly2011-June2014.pdf ...
      needs_dropbox_hydration
[19/19] Palm_Beach_2011-2014_CBA_w_2013-2014_modifications.pdf ...
      needs_dropbox_hydration

1 schedule grid(s) -> /Users/camerongreene/Dropbox (Personal)/1. Barbara/contracts/contract_coding_CG/output_v2/salary_schedule_wide
Document status summary: {'needs_dropbox_hydration': 18, 'ok': 1}
