106 selected, 0 resumed, 106 to code
  meta_text_usability_005                    not_needed   'usable'
  meta_bargaining_unit_003                   not_needed   'Teachers (represented by Anoka Hennepin Education Mi'
  meta_doc_type_001                          not_needed   'tentative agreement'
  meta_document_scope_004                    not_needed   'The document states it is a summary of the tentative'
  meta_effective_dates_002                   not_needed   'The document covers the 2017-19 school years, effect'
  meta_cites_federal_law_008                 confirmed    'not_discussed'
  meta_state_law_citations_007               confirmed    'not_discussed'
  meta_cites_state_law_006                   confirmed    'not_discussed'
  pay_salary_schedule_002                    not_needed   'July 1, 2017, thru June 30, 2019 (covering the 2017-'
  pay_salary_schedule_001                    not_needed   'Yes, the document includes a teacher salary schedule'
  pay_prior_experience_005                   confirmed    'not_discussed'
  pay_performance_pay_006                    confirmed    'not_discussed'
  pay_performance_pay_007                    confirmed    'not_discussed'
  pay_hardtostaff_sped_009                   confirmed    'not_discussed'
  pay_hardtostaff_stem_010                   confirmed    'not_discussed'
  meta_federal_law_citations_009             confirmed    'not_discussed'
  pay_extra_duty_schedule_008                not_needed   'Yes. The document includes the "ABE-ECFE Wage Schedu'
  pay_step_increment_003                     confirmed    'not_discussed'
  pay_hardtostaff_other_011                  confirmed    'not_discussed'
  pay_hardtostaff_schools_012                confirmed    'not_discussed'
  pay_experience_credit_indistrict_013       confirmed    'not_discussed'
  pay_experience_credit_outofdistrict_014    confirmed    'not_discussed'
  pay_experience_credit_outofstate_015       confirmed    'not_discussed'
  pay_experience_credit_military_public_016  confirmed    'not_discussed'
  pay_national_board_017                     confirmed    'not_discussed'
  benefits_health_001                        not_needed   'Yes. Health insurance is available to teachers, with'
  benefits_health_employee_premium_003       confirmed    'not_discussed'
  benefits_health_contribution_002           not_needed   'For Year One (2017-2018), the monthly district contr'
  pay_cost_of_living_007                     not_needed   '2% in year one (2017-2018) for all cells except step'
  benefits_dependent_health_004              not_needed   'Yes. The document specifies monthly district contrib'
  benefits_health_plan_type_005              confirmed    'not_discussed'
  benefits_vision_007                        confirmed    'not_discussed'
  benefits_dental_006                        not_needed   'Yes, dental insurance is available. The employer con'
  benefits_life_008                          confirmed    'not_discussed'
  benefits_disability_009                    confirmed    'not_discussed'
  benefits_leave_continuation_011            confirmed    'not_discussed'
  benefits_retirement_contribution_010       confirmed    'not_discussed'
  leave_sick_days_001                        confirmed    'not_discussed'
  leave_sick_accrual_002                     confirmed    'not_discussed'
  leave_sick_family_003                      confirmed    'not_discussed'
  leave_personal_restrictions_005            confirmed    'not_discussed'
  leave_personal_days_004                    confirmed    'not_discussed'
  leave_personal_conversion_006              confirmed    'not_discussed'
  benefits_retiree_012                       not_needed   'yes, the document provides a retirement Health Care '
  leave_bereavement_days_007                 confirmed    'not_discussed'
  leave_parental_paid_009                    confirmed    'not_discussed'
  leave_bereavement_relatives_008            confirmed    'not_discussed'
  leave_pregnancy_disability_010             confirmed    'not_discussed'
  leave_adoption_childcare_011               confirmed    'not_discussed'
  leave_fmla_012                             confirmed    'not_discussed'
  workload_workday_length_002                confirmed    'not_discussed'
  leave_absence_reporting_013                confirmed    'not_discussed'
  workload_work_year_days_001                confirmed    'not_discussed'
  workload_prep_guarantee_003                confirmed    'not_discussed'
  workload_prep_minutes_004                  confirmed    'not_discussed'
  workload_prep_protected_005                confirmed    'not_discussed'
  workload_lunch_duty_free_006               confirmed    'not_discussed'
  workload_meetings_limits_008               confirmed    'not_discussed'
  workload_lunch_minutes_007                 confirmed    'not_discussed'
  workload_nonteaching_duties_009            confirmed    'not_discussed'
  class_size_limits_001                      confirmed    'not_discussed'
  class_elementary_max_002                   confirmed    'not_discussed'
  evaluation_procedure_001                   confirmed    'not_discussed'
  class_secondary_max_003                    confirmed    'not_discussed'
  evaluation_system_002                      confirmed    'not_discussed'
  class_overage_remedy_004                   confirmed    'not_discussed'
  evaluation_observation_count_003           confirmed    'not_discussed'
  evaluation_ratings_005                     confirmed    'not_discussed'
  evaluation_observation_duration_004        confirmed    'not_discussed'
  evaluation_student_growth_006              confirmed    'not_discussed'
  evaluation_improvement_plan_007            confirmed    'not_discussed'
  security_probation_001                     confirmed    'not_discussed'
  evaluation_consequences_008                confirmed    'not_discussed'
  security_voluntary_transfer_004            confirmed    'not_discussed'
  security_seniority_definition_003          confirmed    'not_discussed'
  security_nonrenewal_002                    confirmed    'not_discussed'
  security_involuntary_transfer_005          confirmed    'not_discussed'
  security_rif_criterion_008                 confirmed    'not_discussed'
  security_rif_006                           confirmed    'not_discussed'
  security_recall_007                        confirmed    'not_discussed'
  security_probation_length_009              confirmed    'not_discussed'
  security_tenure_rules_010                  confirmed    'not_discussed'
  security_certification_011                 confirmed    'not_discussed'
  discipline_just_cause_001                  confirmed    'not_discussed'
  discipline_dismissal_002                   confirmed    'not_discussed'
  conduct_outside_employment_001             confirmed    'not_discussed'
  conduct_ethics_002                         confirmed    'not_discussed'
  conduct_drug_alcohol_003                   confirmed    'not_discussed'
  conduct_social_media_005                   confirmed    'not_discussed'
  conduct_acceptable_use_006                 confirmed    'not_discussed'
  conduct_academic_freedom_007               confirmed    'not_discussed'
  conduct_curriculum_autonomy_008            confirmed    'not_discussed'
  conduct_lesson_plans_009                   confirmed    'not_discussed'
  conduct_political_activity_010             confirmed    'not_discussed'
  conduct_non_duty_hours_011                 confirmed    'not_discussed'
  safety_health_committee_001                confirmed    'not_discussed'
  safety_student_discipline_003              confirmed    'not_discussed'
  safety_assault_protection_002              confirmed    'not_discussed'
  safety_remove_student_004                  confirmed    'not_discussed'
  safety_emergency_closure_005               confirmed    'not_discussed'
  safety_environment_006                     confirmed    'not_discussed'
  safety_security_measures_007               confirmed    'not_discussed'
  safety_weapons_008                         confirmed    'not_discussed'
  pd_new_teacher_mentoring_001               confirmed    'not_discussed'
  pd_teacher_leadership_002                  confirmed    'not_discussed'
  pd_career_ladder_003                       confirmed    'not_discussed'

wrote output/extraction/results/generalisation/anoka.jsonl (106 answers)
model calls        213
wall clock         18.5 min (1107s)
pass-1 absences    92
  overturned       0
  confirmed        92
stitched re-asks   1 (1 recovered)
host realignments  5
completeness sweep 14 calls (2 answers revised)
'no' audits        0 (0 recoded)
page-boundary trims 0
