106 selected, 0 resumed, 106 to code
  meta_doc_type_001                          not_needed   'policy manual'
  meta_document_scope_004                    not_needed   'policy'
  meta_bargaining_unit_003                   not_needed   'Teachers/related instructional personnel and profess'
  meta_text_usability_005                    not_needed   'usable'
  meta_cites_state_law_006                   not_needed   'yes'
  pay_salary_schedule_001                    not_needed   'Yes. The document includes a teacher salary schedule'
  pay_salary_schedule_002                    not_needed   'The salary schedule covers the 2005-06 school year.'
  meta_federal_law_citations_009             not_needed   '42 U.S.C. 1981; 42 U.S.C. 2000e et seq. (Title VII);'
  pay_step_increment_003                     not_needed   'Yes. Personnel advance on salary schedules in accord'
  meta_cites_federal_law_008                 not_needed   '- "A district that receives federal financial assist'
  pay_prior_experience_005                   not_needed   'Yes. Prior teaching experience is credited at full v'
  pay_performance_pay_006                    not_needed   'Yes. The document includes an Incentive Pay Stipend '
  pay_cost_of_living_007                     confirmed    'not_discussed'
  pay_performance_pay_007                    not_needed   'Teachers are evaluated using the state Professional '
  pay_extra_duty_schedule_008                not_needed   'Yes. The document includes a supplemental duty payme'
  pay_hardtostaff_stem_010                   not_needed   'Yes. The document provides additional pay for mathem'
  pay_hardtostaff_sped_009                   not_needed   'Yes. The document provides a Special Education Stipe'
  pay_hardtostaff_schools_012                confirmed    'not_discussed'
  pay_experience_credit_indistrict_013       confirmed    'not_discussed'
  pay_hardtostaff_other_011                  not_needed   'Yes. The document provides additional pay for teache'
  meta_effective_dates_002                   failed       'not_discussed'
  pay_experience_credit_outofdistrict_014    confirmed    'not_discussed'
  pay_experience_credit_outofstate_015       not_needed   'Yes, out-of-state teaching experience is credited at'
  pay_national_board_017                     confirmed    'not_discussed'
  pay_experience_credit_military_public_016  not_needed   'Yes. Military service is credited for salary placeme'
  benefits_health_001                        not_needed   'Yes, health-care premiums are available through a pr'
  benefits_health_contribution_002           not_needed   'A portion of the premium for the group hospitalizati'
  benefits_health_employee_premium_003       confirmed    'not_discussed'
  meta_state_law_citations_007               not_needed   '"A supervisor who suspends or terminates the employm'
  benefits_health_plan_type_005              confirmed    'not_discussed'
  benefits_dental_006                        confirmed    'not_discussed'
  benefits_dependent_health_004              not_needed   'Yes. The document provides for continued health insu'
  benefits_life_008                          not_needed   'Yes, voluntary. The District shall endeavor to obtai'
  benefits_vision_007                        confirmed    'not_discussed'
  benefits_disability_009                    not_needed   'Yes, the document mentions a disability income and s'
  benefits_retirement_contribution_010       not_needed   'The employer pays an amount equal to the state contr'
  leave_sick_accrual_002                     not_needed   'Sick leave accumulates and carries over; employees r'
  benefits_retiree_012                       not_needed   'Yes, the document provides retiree health benefits t'
  benefits_leave_continuation_011            not_needed   'Yes. For FMLA leave, the District shall maintain gro'
  leave_sick_days_001                        confirmed    'not_discussed'
  leave_personal_days_004                    not_needed   '5 days per year for District employees, with no limi'
  leave_sick_family_003                      not_needed   'Yes. State sick leave may be used for the illness of'
  leave_personal_conversion_006              confirmed    'not_discussed'
  leave_bereavement_days_007                 not_needed   'Five workdays per occurrence for death in the immedi'
  leave_personal_restrictions_005            not_needed   'Blackout dates: two days before the beginning of the'
  leave_bereavement_relatives_008            not_needed   'Spouse; son or daughter (including biological, adopt'
  leave_parental_paid_009                    confirmed    'not_discussed'
  leave_pregnancy_disability_010             not_needed   'Yes. Disabilities caused or contributed to by pregna'
  workload_work_year_days_001                not_needed   'The regular work year requires a base schedule of 18'
  leave_absence_reporting_013                not_needed   'Yes. Principals are responsible for securing substit'
  leave_fmla_012                             not_needed   'Yes. Eligible teachers (employed for at least 12 mon'
  leave_adoption_childcare_011               not_needed   'Yes. The document provides bonding, adoption, and ch'
  workload_workday_length_002                not_needed   'The required teacher workday is a minimum of seven h'
  workload_prep_minutes_004                  not_needed   'At least 450 minutes within each two-week period, wi'
  workload_prep_guarantee_003                not_needed   'Yes, each classroom teacher is entitled to at least '
  workload_prep_protected_005                not_needed   'yes. A planning and preparation period may not be le'
  workload_lunch_duty_free_006               not_needed   'no. While the document guarantees a 30-minute lunch '
  workload_lunch_minutes_007                 not_needed   'At least 30 minutes for classroom teachers or full-t'
  workload_nonteaching_duties_009            not_needed   'Yes. The document describes non-teaching duties incl'
  workload_meetings_limits_008               overturned   'The contract does not specify a numerical limit on r'
  class_secondary_max_003                    not_needed   '1 teacher for every 20 students (district average da'
  class_size_limits_001                      not_needed   'Yes. The document includes statutory class-size limi'
  class_elementary_max_002                   not_needed   'Elementary class-size maximums/targets: (1) Teacher-'
  evaluation_system_002                      not_needed   'Professional Development and Appraisal (PDAS) System'
  evaluation_procedure_001                   not_needed   'Yes. The document describes teacher evaluation proce'
  evaluation_observation_duration_004        not_needed   '45 minutes. The document requires at least one class'
  evaluation_observation_count_003           not_needed   'At least one classroom observation per year/cycle (m'
  evaluation_ratings_005                     not_needed   'The document states that teachers shall be evaluated'
  class_overage_remedy_004                   overturned   'Yes, the document provides an excess class stipend o'
  evaluation_student_growth_006              not_needed   'Yes, the evaluation uses student outcomes, specifica'
  evaluation_consequences_008                not_needed   'Yes. Evaluation results are used in decisions regard'
  security_nonrenewal_002                    not_needed   'Yes. For term contract employees, written notice of '
  security_probation_001                     not_needed   'Yes. Probationary contract status applies to individ'
  evaluation_improvement_plan_007            overturned   'Yes, the document describes a performance observatio'
  security_seniority_definition_003          confirmed    'not_discussed'
  security_voluntary_transfer_004            not_needed   'The District provides a voluntary transfer period fo'
  security_involuntary_transfer_005          not_needed   'yes. The document limits involuntary transfers to no'
  security_rif_criterion_008                 not_needed   'The primary criterion is professional status at the '
  security_recall_007                        not_needed   'Yes. Recall period is up to one full school year for'
  security_probation_length_009              not_needed   '3 school years, except 1 year for a person who has b'
  security_rif_006                           not_needed   'Triggers: Financial exigency (decline in enrollment,'
  security_certification_011                 not_needed   'Yes. The document requires that a person may not be '
  security_tenure_rules_010                  not_needed   'Yes. The document describes continuing contract stat'
  discipline_just_cause_001                  not_needed   'Yes, the document requires good cause for teacher di'
  conduct_outside_employment_001             not_needed   'Yes. The document restricts tutoring by permitting a'
  discipline_dismissal_002                   not_needed   'Yes. For term contracts, the Board may terminate for'
  conduct_social_media_005                   confirmed    'not_discussed'
  conduct_ethics_002                         not_needed   'Yes. The document includes the "CODE OF ETHICS AND S'
  conduct_drug_alcohol_003                   not_needed   'Yes. Prohibited conduct includes the unlawful manufa'
  conduct_academic_freedom_007               confirmed    'not_discussed'
  conduct_acceptable_use_006                 not_needed   'Yes. The document includes rules for employees regar'
  conduct_curriculum_autonomy_008            not_needed   'Yes. The document addresses teacher discretion over '
  conduct_political_activity_010             not_needed   'Yes. Teachers are entitled to engage in political ac'
  conduct_lesson_plans_009                   not_needed   'Yes. Contract teachers must submit weekly lesson pla'
  conduct_non_duty_hours_011                 confirmed    'not_discussed'
  safety_health_committee_001                not_needed   'yes. The document includes health and safety provisi'
  safety_student_discipline_003              not_needed   'Yes. The document describes student discipline and b'
  safety_remove_student_004                  confirmed    'not_discussed'
  safety_assault_protection_002              not_needed   'Yes. The document provides procedures for physical a'
  safety_environment_006                     confirmed    'not_discussed'
  safety_emergency_closure_005               not_needed   'Yes. For inclement weather, employees who fail to re'
  safety_weapons_008                         not_needed   'Yes. The document prohibits the possession of any we'
  pd_new_teacher_mentoring_001               not_needed   'Yes, the document provides orientation for new teach'
  safety_security_measures_007               not_needed   'Yes. The document outlines reporting channels and te'
  pd_teacher_leadership_002                  overturned   'The document creates a Central Textbook Adoption Com'
  pd_career_ladder_003                       not_needed   'Yes. The document references a career ladder with at'

wrote output/extraction/results/generalisation/dallas.jsonl (106 answers)
model calls        240
wall clock         35.6 min (2134s)
pass-1 absences    22
  overturned       4
  confirmed        18
stitched re-asks   2 (2 recovered)
host realignments  57
completeness sweep 87 calls (53 answers revised)
'no' audits        1 (1 recoded)
page-boundary trims 8
failures           1
  meta_effective_dates_002: Response truncated before final answer (finish_reason='length'); increase MAX_TOKENS or retry.
