106 selected, 0 resumed, 106 to code
  meta_document_scope_004                    not_needed   'not a contract'
  meta_text_usability_005                    not_needed   'usable'
  meta_bargaining_unit_003                   not_needed   'all District employees'
  meta_doc_type_001                          not_needed   'employee handbook'
  meta_effective_dates_002                   confirmed    'not_discussed'
  pay_salary_schedule_001                    not_needed   'Yes, the document includes a salary schedule adopted'
  meta_federal_law_citations_009             not_needed   'Fair Labor Standards Act (FLSA), FMLA, Social Securi'
  meta_state_law_citations_007               not_needed   '"All employees, pursuant to applicable statute, who '
  pay_step_increment_003                     not_needed   'Yes. Step increases are given to certificated employ'
  meta_cites_federal_law_008                 not_needed   'The Fair Labor Standards Act (FLSA) is a federal lab'
  pay_salary_schedule_002                    confirmed    'not_discussed'
  meta_cites_state_law_006                   confirmed    'no'
  pay_performance_pay_006                    confirmed    'not_discussed'
  pay_cost_of_living_007                     not_needed   'No specific percentage is specified; COLA salary inc'
  pay_prior_experience_005                   not_needed   'yes. The document states that prior teaching experie'
  pay_performance_pay_007                    confirmed    'not_discussed'
  pay_hardtostaff_stem_010                   confirmed    'not_discussed'
  pay_hardtostaff_sped_009                   confirmed    'not_discussed'
  pay_hardtostaff_other_011                  confirmed    'not_discussed'
  pay_hardtostaff_schools_012                confirmed    'not_discussed'
  pay_experience_credit_military_public_016  not_needed   'Yes. Military experience is credited for salary plac'
  pay_experience_credit_outofstate_015       confirmed    'not_discussed'
  pay_experience_credit_indistrict_013       not_needed   'No, the document does not specifically address in-di'
  pay_experience_credit_outofdistrict_014    confirmed    'not_discussed'
  pay_national_board_017                     confirmed    'not_discussed'
  benefits_health_contribution_002           confirmed    'not_discussed'
  pay_extra_duty_schedule_008                not_needed   'Yes, the document includes salary supplements for em'
  benefits_health_employee_premium_003       confirmed    'not_discussed'
  benefits_health_001                        not_needed   'Yes. The document states that health or medical insu'
  benefits_dependent_health_004              not_needed   'Yes. Dependents may extend health coverage under COB'
  benefits_vision_007                        not_needed   'Yes, a Vision Plan is available as an optional benef'
  benefits_health_plan_type_005              not_needed   'State Health Benefit Plans'
  benefits_retirement_contribution_010       not_needed   "14.27% of the employee's salary for eligible members"
  benefits_leave_continuation_011            not_needed   'Yes. For unpaid leave, employees are responsible for'
  benefits_life_008                          not_needed   'Yes. The document provides district-paid (Board Spon'
  benefits_disability_009                    not_needed   'Yes. Long-term disability is provided to all full-ti'
  leave_sick_days_001                        not_needed   '15 days per year for twelve-month employees (and 12.'
  benefits_retiree_012                       confirmed    'not_discussed'
  leave_personal_days_004                    not_needed   '3 days per year; any personal leave days in excess o'
  leave_sick_accrual_002                     confirmed    'not_discussed'
  leave_personal_restrictions_005            not_needed   'Blackout dates: first two days prior to and followin'
  leave_personal_conversion_006              confirmed    'not_discussed'
  leave_bereavement_days_007                 not_needed   'Up to three (3) days of accumulated sick leave and/o'
  leave_bereavement_relatives_008            not_needed   'Covered relatives are spouse, child, sibling, parent'
  benefits_dental_006                        not_needed   'yes. The document lists Dental Plans as an available'
  leave_sick_family_003                      not_needed   'Yes. Teachers may use sick leave for family illness '
  leave_parental_paid_009                    confirmed    'not_discussed'
  leave_pregnancy_disability_010             not_needed   'yes, the document addresses it through compliance wi'
  leave_adoption_childcare_011               not_needed   'Yes. Eligible employees (employed at least 12 months'
  workload_prep_guarantee_003                not_needed   'Yes, the document designates pre-planning and post-p'
  leave_fmla_012                             not_needed   'Yes. The District fully complies with the FMLA. Elig'
  workload_workday_length_002                not_needed   '8.5 hours (equating to 8 hours of physically working'
  workload_work_year_days_001                confirmed    'not_discussed'
  leave_absence_reporting_013                not_needed   'Yes. The document specifies that the SubFinder syste'
  workload_prep_protected_005                confirmed    'not_discussed'
  workload_lunch_duty_free_006               not_needed   'yes, for teachers employed in grades Kindergarten th'
  workload_lunch_minutes_007                 not_needed   '30 consecutive minutes (applies to every teacher emp'
  workload_prep_minutes_004                  confirmed    'not_discussed'
  class_size_limits_001                      confirmed    'not_discussed'
  workload_nonteaching_duties_009            not_needed   'Yes, the document describes cafeteria duty and monit'
  workload_meetings_limits_008               overturned   'Yes, for non-exempt employees, if they are needed to'
  class_elementary_max_002                   confirmed    'not_discussed'
  class_secondary_max_003                    confirmed    'not_discussed'
  class_overage_remedy_004                   confirmed    'not_discussed'
  evaluation_procedure_001                   not_needed   'yes, the document describes teacher evaluation proce'
  evaluation_observation_count_003           confirmed    'not_discussed'
  evaluation_system_002                      confirmed    'not_discussed'
  evaluation_observation_duration_004        confirmed    'not_discussed'
  evaluation_improvement_plan_007            confirmed    'not_discussed'
  evaluation_ratings_005                     confirmed    'not_discussed'
  evaluation_consequences_008                not_needed   'Yes. Evaluation results are used for transfer eligib'
  evaluation_student_growth_006              not_needed   'The evaluation is based on performance and the job d'
  security_probation_001                     confirmed    'not_discussed'
  security_nonrenewal_002                    not_needed   'Yes. The document states that teachers and other con'
  security_seniority_definition_003          confirmed    'not_discussed'
  security_voluntary_transfer_004            not_needed   'Voluntary transfers require two (2) years of service'
  security_rif_006                           not_needed   'The Board will make every effort to avoid Reduction-'
  security_recall_007                        confirmed    'not_discussed'
  security_rif_criterion_008                 confirmed    'not_discussed'
  security_probation_length_009              confirmed    'not_discussed'
  discipline_just_cause_001                  not_needed   'Yes, the document requires due process procedures pr'
  security_tenure_rules_010                  overturned   'The document describes contract renewal and dismissa'
  discipline_dismissal_002                   not_needed   'Yes. Dismissal, termination, or contract non-renewal'
  security_certification_011                 not_needed   'Yes. The document states that educators are responsi'
  conduct_outside_employment_001             not_needed   'Yes. Outside employment is permitted during non-duty'
  conduct_social_media_005                   not_needed   'Yes. The document regulates electronic communication'
  conduct_ethics_002                         not_needed   'Yes. The document references the "Code of Ethics for'
  conduct_drug_alcohol_003                   not_needed   'Yes. The document includes a drug-free workplace rul'
  conduct_acceptable_use_006                 not_needed   'Yes. The document includes acceptable-use rules for '
  conduct_academic_freedom_007               confirmed    'not_discussed'
  conduct_curriculum_autonomy_008            confirmed    'not_discussed'
  conduct_political_activity_010             confirmed    'not_discussed'
  security_involuntary_transfer_005          not_needed   'Yes. Employees may be reassigned by the Superintende'
  safety_health_committee_001                not_needed   "Yes, the document includes workers' compensation pro"
  safety_assault_protection_002              confirmed    'not_discussed'
  safety_student_discipline_003              confirmed    'not_discussed'
  safety_remove_student_004                  confirmed    'not_discussed'
  safety_environment_006                     confirmed    'not_discussed'
  safety_emergency_closure_005               not_needed   'Yes. Staff reporting instructions for inclement weat'
  safety_security_measures_007               not_needed   'Yes. The document requires District ID Badges to be '
  conduct_non_duty_hours_011                 confirmed    'not_discussed'
  pd_new_teacher_mentoring_001               confirmed    'not_discussed'
  pd_teacher_leadership_002                  confirmed    'not_discussed'
  safety_weapons_008                         confirmed    'not_discussed'
  pd_career_ladder_003                       confirmed    'not_discussed'
  conduct_lesson_plans_009                   failed       'not_discussed'

wrote output/extraction/results/generalisation/dekalb.jsonl (106 answers)
model calls        269
wall clock         32.3 min (1941s)
pass-1 absences    49
  overturned       2
  confirmed        47
stitched re-asks   25 (5 recovered)
host realignments  32
completeness sweep 39 calls (5 answers revised)
'no' audits        1 (0 recoded)
page-boundary trims 0
failures           1
  conduct_lesson_plans_009: Response truncated before final answer (finish_reason='length'); increase MAX_TOKENS or retry.
