106 selected, 0 resumed, 106 to code
  meta_doc_type_001                          not_needed   'CBA'
  meta_bargaining_unit_003                   not_needed   'The bargaining unit covers all certified teaching pe'
  meta_document_scope_004                    not_needed   'binding agreement'
  meta_text_usability_005                    not_needed   'usable'
  meta_effective_dates_002                   not_needed   'September 1, 2004 to August 31, 2007, covering the 2'
  meta_cites_state_law_006                   not_needed   'yes. The document explicitly cites R.I.G.L. 16-16-1 '
  meta_federal_law_citations_009             not_needed   'No specific federal laws or statutes are cited. The '
  meta_state_law_citations_007               not_needed   'All rules and provisions concerning teacher particip'
  meta_cites_federal_law_008                 confirmed    'not_discussed'
  pay_salary_schedule_001                    not_needed   'Yes. The document includes the "Teacher\'s Basic Sala'
  pay_salary_schedule_002                    not_needed   'The salary schedule covers the 2004/2005, 2005/2006,'
  pay_performance_pay_006                    confirmed    'not_discussed'
  pay_prior_experience_005                   confirmed    'not_discussed'
  pay_step_increment_003                     not_needed   'Yes. The annual increment is withheld if a teacher i'
  pay_performance_pay_007                    confirmed    'not_discussed'
  pay_cost_of_living_007                     not_needed   '1.5% increase for the 1st Semester of 2004/2005, and'
  pay_hardtostaff_other_011                  not_needed   'Yes, teachers of ESL/Bilingual classes receive $300 '
  pay_hardtostaff_sped_009                   not_needed   'Yes, special education teachers receive an additiona'
  pay_hardtostaff_stem_010                   confirmed    'not_discussed'
  pay_experience_credit_indistrict_013       confirmed    'not_discussed'
  pay_hardtostaff_schools_012                confirmed    'not_discussed'
  pay_extra_duty_schedule_008                not_needed   'Yes. The document includes an extra-duty/supplementa'
  pay_experience_credit_outofdistrict_014    confirmed    'not_discussed'
  pay_experience_credit_outofstate_015       confirmed    'not_discussed'
  pay_experience_credit_military_public_016  not_needed   'Yes. Military service (compulsory service, regular e'
  pay_national_board_017                     not_needed   'Teachers who obtain National Board Certification sha'
  benefits_health_employee_premium_003       not_needed   'Employees hired prior to the start of the 2004-2005 '
  benefits_health_contribution_002           not_needed   '$1.55 per week per regular teacher and LTS (Appointe'
  benefits_health_001                        not_needed   'Yes. The Board provides Blue Cross and Physician Ser'
  benefits_health_plan_type_005              not_needed   'Blue Cross and Physician Service plans (C-1), United'
  benefits_dependent_health_004              not_needed   "Yes. Eligible dependents include the teacher's spous"
  benefits_dental_006                        not_needed   'Yes. For active teachers, the Board shall provide, f'
  benefits_life_008                          confirmed    'not_discussed'
  benefits_vision_007                        not_needed   'Yes. Vision Care is available as additional coverage'
  benefits_disability_009                    confirmed    'not_discussed'
  benefits_leave_continuation_011            not_needed   'Yes, insurance benefits continue during paid leave a'
  benefits_retirement_contribution_010       confirmed    'not_discussed'
  leave_sick_days_001                        not_needed   '20 days for regularly appointed teachers; 10 days pe'
  leave_sick_family_003                      not_needed   'no. Emergency Sick Leave Bank time may only be used '
  leave_sick_accrual_002                     not_needed   'Yes, sick leave accumulates and carries over, capped'
  leave_personal_days_004                    not_needed   'Two (2) days per year, plus an additional three (3) '
  benefits_retiree_012                       not_needed   'Yes. Eligibility requires 10 years of employment for'
  leave_personal_restrictions_005            not_needed   'Two (2) days per year for personal business. Blackou'
  leave_personal_conversion_006              confirmed    'not_discussed'
  leave_parental_paid_009                    not_needed   'No, the document grants a maternity leave of absence'
  leave_bereavement_relatives_008            not_needed   '5 days: father, mother, brother, sister, husband, wi'
  leave_bereavement_days_007                 not_needed   'Teachers are entitled to paid bereavement leave for '
  leave_adoption_childcare_011               not_needed   'yes. Eligibility is limited to members of the bargai'
  leave_pregnancy_disability_010             not_needed   'Yes. Use of sick leave: Available for disabilities c'
  leave_fmla_012                             confirmed    'not_discussed'
  leave_absence_reporting_013                not_needed   'Yes. Teachers must leave written information for sub'
  workload_prep_guarantee_003                not_needed   'Yes, the document guarantees a minimum of lesson pre'
  workload_work_year_days_001                not_needed   '186 days for the 2004/2005 school year, and 181 days'
  workload_prep_minutes_004                  not_needed   'Elementary teachers: at least one (1) thirty (30) mi'
  workload_lunch_duty_free_006               not_needed   'Yes. Elementary and middle school teachers are guara'
  workload_workday_length_002                not_needed   'The teacher workday length varies by school level: e'
  workload_lunch_minutes_007                 not_needed   '30 minutes for elementary and middle school teachers'
  workload_meetings_limits_008               not_needed   'Yes, the document limits required teacher meetings t'
  workload_nonteaching_duties_009            not_needed   'Yes. The document states that paraprofessionals, aid'
  class_elementary_max_002                   not_needed   'The maximum is an average of 26 students per teachin'
  class_size_limits_001                      not_needed   'Yes. Class size shall not exceed an average of 26 st'
  workload_prep_protected_005                confirmed    'No, the document does not restrict the use of planni'
  class_secondary_max_003                    not_needed   '26 students average per teaching period, with a maxi'
  evaluation_procedure_001                   not_needed   'Yes. Article 8-14 Teacher Evaluation. Reference only'
  evaluation_system_002                      not_needed   'Portfolio Assessment (with procedures detailed in th'
  evaluation_observation_count_003           confirmed    'not_discussed'
  class_overage_remedy_004                   not_needed   'yes, the document provides compensation (overload pa'
  evaluation_observation_duration_004        confirmed    'not_discussed'
  evaluation_student_growth_006              confirmed    'not_discussed'
  evaluation_ratings_005                     confirmed    'not_discussed'
  security_probation_001                     confirmed    'not_discussed'
  evaluation_consequences_008                not_needed   'Yes. For non-tenured teachers, all scores recorded d'
  evaluation_improvement_plan_007            not_needed   'Yes. The document describes an intervention process '
  security_nonrenewal_002                    confirmed    'not_discussed'
  security_involuntary_transfer_005          not_needed   'Yes. Involuntary transfers are permitted only at the'
  security_seniority_definition_003          not_needed   'Yes. The document defines seniority as "System-wide '
  security_voluntary_transfer_004            not_needed   'Regularly-employed teachers must file a Request for '
  security_rif_006                           overturned   'The document addresses layoff procedures through rec'
  security_recall_007                        not_needed   'Yes. Recall/reinstatement occurs each year from Marc'
  security_probation_length_009              confirmed    'not_discussed'
  security_rif_criterion_008                 not_needed   'The primary criterion is system-wide area of certifi'
  security_certification_011                 not_needed   'Yes. The document requires that an applicant must po'
  security_tenure_rules_010                  not_needed   "Yes. The document states that teachers' rights and b"
  discipline_just_cause_001                  not_needed   'Yes, the document requires good and just cause for t'
  conduct_outside_employment_001             confirmed    'not_discussed'
  conduct_ethics_002                         confirmed    'not_discussed'
  conduct_social_media_005                   confirmed    'not_discussed'
  discipline_dismissal_002                   not_needed   'yes. The document describes termination as a discipl'
  conduct_acceptable_use_006                 confirmed    'not_discussed'
  conduct_drug_alcohol_003                   not_needed   'Yes, the document includes an Employee Assistance Pr'
  conduct_academic_freedom_007               confirmed    'not_discussed'
  conduct_political_activity_010             not_needed   'Yes, the document protects political activity by all'
  conduct_non_duty_hours_011                 confirmed    'not_discussed'
  conduct_curriculum_autonomy_008            not_needed   'yes. The document addresses teacher input and limits'
  conduct_lesson_plans_009                   not_needed   'Yes. The document requires all teachers to leave eno'
  safety_health_committee_001                not_needed   'Yes. The document includes health and safety provisi'
  safety_emergency_closure_005               not_needed   'Yes, the document addresses emergency procedures. In'
  safety_student_discipline_003              not_needed   'Yes. The document describes student discipline and b'
  safety_remove_student_004                  not_needed   'Yes. A teacher may remove a student when, in the tea'
  safety_assault_protection_002              not_needed   'Yes. The document provides full-pay leave for a maxi'
  safety_security_measures_007               confirmed    'not_discussed'
  safety_weapons_008                         confirmed    'not_discussed'
  safety_environment_006                     not_needed   'Yes. The document addresses cleanliness by requiring'
  pd_new_teacher_mentoring_001               not_needed   'Yes. The document provides a Union Professional Deve'
  pd_teacher_leadership_002                  not_needed   'Yes. The document establishes a Professional Time Jo'
  pd_career_ladder_003                       overturned   'Yes. Appendix A-2 establishes a Professional Advance'

wrote output/extraction/results/generalisation/providence.jsonl (106 answers)
model calls        249
wall clock         28.0 min (1679s)
pass-1 absences    32
  overturned       2
  confirmed        30
stitched re-asks   1 (1 recovered)
host realignments  3
completeness sweep 77 calls (45 answers revised)
'no' audits        1 (1 recoded)
page-boundary trims 4
